<?xml version="1.0" encoding="UTF-8"?>
<TestRun id="8908eba5-a0ff-40c9-b52d-5428e69cd724" name="skynryd9@LIL-MONEY-PIT 2012-03-18 20:11:25" runUser="Lil-Money-Pit\skynryd9" xmlns="http://microsoft.com/schemas/VisualStudio/TeamTest/2010">
  <TestSettings name="Local" id="edb481bb-0340-4d08-a79e-041a6ff1b069">
    <Description>These are default test settings for a local test run.</Description>
    <Deployment enabled="false" runDeploymentRoot="skynryd9_LIL-MONEY-PIT 2012-03-18 20_11_25">
      <DeploymentItem filename="C:\Development Projects\ENN\ENN\bin\Debug\UserBin\TestUserBinary.dll" />
      <DeploymentItem filename="C:\Development Projects\ENN\ENN.Framework\bin\Debug\ENN.Framework.dll" />
    </Deployment>
    <Execution hostProcessPlatform="MSIL">
      <Hosts skipUnhostableTests="false" />
      <TestTypeSpecific>
        <UnitTestRunConfig testTypeId="13cdc9d9-ddb5-4fa4-a97d-d965ccfc6d4b">
          <AssemblyResolution>
            <TestDirectory useLoadContext="true" />
          </AssemblyResolution>
        </UnitTestRunConfig>
      </TestTypeSpecific>
      <AgentRule name="Execution Agents">
      </AgentRule>
    </Execution>
  </TestSettings>
  <Times creation="2012-03-18T20:11:25.1401961-04:00" queuing="2012-03-18T20:11:25.3602087-04:00" start="2012-03-18T20:11:25.3902104-04:00" finish="2012-03-18T20:11:25.8742381-04:00" />
  <ResultSummary outcome="Completed">
    <Counters total="3" executed="3" passed="3" error="0" failed="0" timeout="0" aborted="0" inconclusive="0" passedButRunAborted="0" notRunnable="0" notExecuted="0" disconnected="0" warning="0" completed="0" inProgress="0" pending="0" />
  </ResultSummary>
  <TestDefinitions>
    <UnitTest name="SaveText" storage="c:\development projects\enn\testsuite\bin\debug\testsuite.dll" id="dc7516d4-ea11-52ea-592a-675e802b27f3">
      <Execution id="e2a9af90-e83f-41cb-9250-2d089a28ff58" />
      <TestMethod codeBase="C:/Development Projects/ENN/TestSuite/bin/Debug/TestSuite.DLL" adapterTypeName="Microsoft.VisualStudio.TestTools.TestTypes.Unit.UnitTestAdapter, Microsoft.VisualStudio.QualityTools.Tips.UnitTest.Adapter, Version=10.0.0.0, Culture=neutral, PublicKeyToken=b03f5f7f11d50a3a" className="TestSuite.Framework.Tools.SettingsTest, TestSuite, Version=1.0.0.0, Culture=neutral, PublicKeyToken=null" name="SaveText" />
    </UnitTest>
    <UnitTest name="LoadText" storage="c:\development projects\enn\testsuite\bin\debug\testsuite.dll" id="895e1ad2-9637-1929-bdca-2e13d6ecdf33">
      <Execution id="6648466f-e028-4da3-bb15-81f58c0e31bc" />
      <TestMethod codeBase="C:/Development Projects/ENN/TestSuite/bin/Debug/TestSuite.DLL" adapterTypeName="Microsoft.VisualStudio.TestTools.TestTypes.Unit.UnitTestAdapter, Microsoft.VisualStudio.QualityTools.Tips.UnitTest.Adapter, Version=10.0.0.0, Culture=neutral, PublicKeyToken=b03f5f7f11d50a3a" className="TestSuite.Framework.Tools.SettingsTest, TestSuite, Version=1.0.0.0, Culture=neutral, PublicKeyToken=null" name="LoadText" />
    </UnitTest>
    <UnitTest name="SaveLoadBinary" storage="c:\development projects\enn\testsuite\bin\debug\testsuite.dll" id="b956f179-a280-645c-1bae-ce922e14d496">
      <Execution id="05401799-0912-4b96-8d0a-aed0dc887db9" />
      <TestMethod codeBase="C:/Development Projects/ENN/TestSuite/bin/Debug/TestSuite.DLL" adapterTypeName="Microsoft.VisualStudio.TestTools.TestTypes.Unit.UnitTestAdapter, Microsoft.VisualStudio.QualityTools.Tips.UnitTest.Adapter, Version=10.0.0.0, Culture=neutral, PublicKeyToken=b03f5f7f11d50a3a" className="TestSuite.Framework.Tools.SettingsTest, TestSuite, Version=1.0.0.0, Culture=neutral, PublicKeyToken=null" name="SaveLoadBinary" />
    </UnitTest>
  </TestDefinitions>
  <TestLists>
    <TestList name="Results Not in a List" id="8c84fa94-04c1-424b-9868-57a2d4851a1d" />
    <TestList name="All Loaded Results" id="19431567-8539-422a-85d7-44ee4e166bda" />
  </TestLists>
  <TestEntries>
    <TestEntry testId="895e1ad2-9637-1929-bdca-2e13d6ecdf33" executionId="6648466f-e028-4da3-bb15-81f58c0e31bc" testListId="8c84fa94-04c1-424b-9868-57a2d4851a1d" />
    <TestEntry testId="b956f179-a280-645c-1bae-ce922e14d496" executionId="05401799-0912-4b96-8d0a-aed0dc887db9" testListId="8c84fa94-04c1-424b-9868-57a2d4851a1d" />
    <TestEntry testId="dc7516d4-ea11-52ea-592a-675e802b27f3" executionId="e2a9af90-e83f-41cb-9250-2d089a28ff58" testListId="8c84fa94-04c1-424b-9868-57a2d4851a1d" />
  </TestEntries>
  <Results>
    <UnitTestResult executionId="6648466f-e028-4da3-bb15-81f58c0e31bc" testId="895e1ad2-9637-1929-bdca-2e13d6ecdf33" testName="LoadText" computerName="LIL-MONEY-PIT" duration="00:00:00.0514136" startTime="2012-03-18T20:11:25.4012111-04:00" endTime="2012-03-18T20:11:25.7592315-04:00" testType="13cdc9d9-ddb5-4fa4-a97d-d965ccfc6d4b" outcome="Passed" testListId="8c84fa94-04c1-424b-9868-57a2d4851a1d" relativeResultsDirectory="6648466f-e028-4da3-bb15-81f58c0e31bc">
    </UnitTestResult>
    <UnitTestResult executionId="05401799-0912-4b96-8d0a-aed0dc887db9" testId="b956f179-a280-645c-1bae-ce922e14d496" testName="SaveLoadBinary" computerName="LIL-MONEY-PIT" duration="00:00:00.0067655" startTime="2012-03-18T20:11:25.7622317-04:00" endTime="2012-03-18T20:11:25.7742324-04:00" testType="13cdc9d9-ddb5-4fa4-a97d-d965ccfc6d4b" outcome="Passed" testListId="8c84fa94-04c1-424b-9868-57a2d4851a1d" relativeResultsDirectory="05401799-0912-4b96-8d0a-aed0dc887db9">
    </UnitTestResult>
    <UnitTestResult executionId="e2a9af90-e83f-41cb-9250-2d089a28ff58" testId="dc7516d4-ea11-52ea-592a-675e802b27f3" testName="SaveText" computerName="LIL-MONEY-PIT" duration="00:00:00.0070065" startTime="2012-03-18T20:11:25.7772326-04:00" endTime="2012-03-18T20:11:25.7882332-04:00" testType="13cdc9d9-ddb5-4fa4-a97d-d965ccfc6d4b" outcome="Passed" testListId="8c84fa94-04c1-424b-9868-57a2d4851a1d" relativeResultsDirectory="e2a9af90-e83f-41cb-9250-2d089a28ff58">
    </UnitTestResult>
  </Results>
</TestRun>