<?xml version="1.0" encoding="UTF-8"?>
<TestRun id="ff2338c0-0143-4f04-bc8a-d75ef0c03209" name="skynryd9@LIL-MONEY-PIT 2012-02-21 16:42:05" runUser="Lil-Money-Pit\skynryd9" xmlns="http://microsoft.com/schemas/VisualStudio/TeamTest/2010">
  <TestSettings name="Local" id="edb481bb-0340-4d08-a79e-041a6ff1b069">
    <Description>These are default test settings for a local test run.</Description>
    <Deployment enabled="false" runDeploymentRoot="skynryd9_LIL-MONEY-PIT 2012-02-21 16_42_05">
      <DeploymentItem filename="C:\Development Projects\ENN\ENN\bin\Debug\UserBin\TestUserBinary.dll" />
      <DeploymentItem filename="C:\Development Projects\ENN\ENN.Framework\bin\Debug\ENN.Framework.dll" />
    </Deployment>
    <Execution hostProcessPlatform="MSIL">
      <Hosts skipUnhostableTests="false" />
      <TestTypeSpecific>
        <UnitTestRunConfig testTypeId="13cdc9d9-ddb5-4fa4-a97d-d965ccfc6d4b">
          <AssemblyResolution>
            <TestDirectory useLoadContext="true" />
          </AssemblyResolution>
        </UnitTestRunConfig>
      </TestTypeSpecific>
      <AgentRule name="Execution Agents">
      </AgentRule>
    </Execution>
  </TestSettings>
  <Times creation="2012-02-21T16:42:05.2923603-05:00" queuing="2012-02-21T16:42:07.7975036-05:00" start="2012-02-21T16:42:07.9405118-05:00" finish="2012-02-21T16:44:26.0294100-05:00" />
  <ResultSummary outcome="Error">
    <Counters total="70" executed="17" passed="3" error="0" failed="3" timeout="0" aborted="1" inconclusive="10" passedButRunAborted="0" notRunnable="0" notExecuted="53" disconnected="0" warning="0" completed="0" inProgress="0" pending="0" />
    <RunInfos>
      <RunInfo computerName="LIL-MONEY-PIT" outcome="Error" timestamp="2012-02-21T16:44:26.0194094-05:00">
        <Text>Test host process exited unexpectedly.</Text>
      </RunInfo>
    </RunInfos>
  </ResultSummary>
  <TestDefinitions>
    <UnitTest name="GetValuesTest" storage="c:\development projects\enn\testsuite\bin\debug\testsuite.dll" id="430f1830-9fb9-6f5a-5bbd-8746f440b9db">
      <Execution id="bc570307-46f5-43a9-8294-d45bdd6d3a0e" />
      <TestMethod codeBase="C:/Development Projects/ENN/TestSuite/bin/Debug/TestSuite.DLL" adapterTypeName="Microsoft.VisualStudio.TestTools.TestTypes.Unit.UnitTestAdapter, Microsoft.VisualStudio.QualityTools.Tips.UnitTest.Adapter, Version=10.0.0.0, Culture=neutral, PublicKeyToken=b03f5f7f11d50a3a" className="TestSuite.Framework.ThreadedHiddenLayerTest, TestSuite, Version=1.0.0.0, Culture=neutral, PublicKeyToken=null" name="GetValuesTest" />
    </UnitTest>
    <UnitTest name="TrainNetworkTest" storage="c:\development projects\enn\testsuite\bin\debug\testsuite.dll" id="d60f0c70-680a-f2a7-be96-723443b7d4dc">
      <Execution id="dcb9a9fc-f9f7-4867-b4ea-87750e7b3a13" />
      <TestMethod codeBase="C:/Development Projects/ENN/TestSuite/bin/Debug/TestSuite.DLL" adapterTypeName="Microsoft.VisualStudio.TestTools.TestTypes.Unit.UnitTestAdapter, Microsoft.VisualStudio.QualityTools.Tips.UnitTest.Adapter, Version=10.0.0.0, Culture=neutral, PublicKeyToken=b03f5f7f11d50a3a" className="TestSuite.Framework.HillClimbAlgoTest, TestSuite, Version=1.0.0.0, Culture=neutral, PublicKeyToken=null" name="TrainNetworkTest" />
    </UnitTest>
    <UnitTest name="NetworkSettingsConstructorTest" storage="c:\development projects\enn\testsuite\bin\debug\testsuite.dll" id="573b324d-2394-0284-242e-658089f98732">
      <Execution id="8e08364d-0902-4153-87f6-1b566bb14a13" />
      <TestMethod codeBase="C:/Development Projects/ENN/TestSuite/bin/Debug/TestSuite.DLL" adapterTypeName="Microsoft.VisualStudio.TestTools.TestTypes.Unit.UnitTestAdapter, Microsoft.VisualStudio.QualityTools.Tips.UnitTest.Adapter, Version=10.0.0.0, Culture=neutral, PublicKeyToken=b03f5f7f11d50a3a" className="TestSuite.Framework.NetworkSettingsTest, TestSuite, Version=1.0.0.0, Culture=neutral, PublicKeyToken=null" name="NetworkSettingsConstructorTest" />
    </UnitTest>
    <UnitTest name="StandLibFactoryConstructorTest" storage="c:\development projects\enn\testsuite\bin\debug\testsuite.dll" id="3c9d6005-6c63-77c2-b4e0-1c2eb9238c86">
      <Execution id="b920b878-4522-495f-8aab-e3edd6211a01" />
      <TestMethod codeBase="C:/Development Projects/ENN/TestSuite/bin/Debug/TestSuite.DLL" adapterTypeName="Microsoft.VisualStudio.TestTools.TestTypes.Unit.UnitTestAdapter, Microsoft.VisualStudio.QualityTools.Tips.UnitTest.Adapter, Version=10.0.0.0, Culture=neutral, PublicKeyToken=b03f5f7f11d50a3a" className="TestSuite.Framework.StandLibFactoryTest, TestSuite, Version=1.0.0.0, Culture=neutral, PublicKeyToken=null" name="StandLibFactoryConstructorTest" />
    </UnitTest>
    <UnitTest name="OtherTest" storage="c:\development projects\enn\testsuite\bin\debug\testsuite.dll" id="b5e3a755-a2ab-152d-aa80-c4911fd65e0b">
      <Execution id="3c59e88b-21e7-481b-8787-984361313d0b" />
      <TestMethod codeBase="C:/Development Projects/ENN/TestSuite/bin/Debug/TestSuite.DLL" adapterTypeName="Microsoft.VisualStudio.TestTools.TestTypes.Unit.UnitTestAdapter, Microsoft.VisualStudio.QualityTools.Tips.UnitTest.Adapter, Version=10.0.0.0, Culture=neutral, PublicKeyToken=b03f5f7f11d50a3a" className="TestSuite.Framework.NetworkSettingsTest, TestSuite, Version=1.0.0.0, Culture=neutral, PublicKeyToken=null" name="OtherTest" />
    </UnitTest>
    <UnitTest name="ThreadedHiddenLayerConstructorTest" storage="c:\development projects\enn\testsuite\bin\debug\testsuite.dll" id="b5ae595f-7dca-73d7-1bda-f09e7ea52bd4">
      <Execution id="eb84a043-b1a7-4971-97c6-428f181eaadd" />
      <TestMethod codeBase="C:/Development Projects/ENN/TestSuite/bin/Debug/TestSuite.DLL" adapterTypeName="Microsoft.VisualStudio.TestTools.TestTypes.Unit.UnitTestAdapter, Microsoft.VisualStudio.QualityTools.Tips.UnitTest.Adapter, Version=10.0.0.0, Culture=neutral, PublicKeyToken=b03f5f7f11d50a3a" className="TestSuite.Framework.ThreadedHiddenLayerTest, TestSuite, Version=1.0.0.0, Culture=neutral, PublicKeyToken=null" name="ThreadedHiddenLayerConstructorTest" />
    </UnitTest>
    <UnitTest name="getActivationFunctionTest" storage="c:\development projects\enn\testsuite\bin\debug\testsuite.dll" id="357b4346-32ed-acf9-652d-d83b6fab665a">
      <Execution id="06062776-1c06-4fde-8a23-83903e2a7524" />
      <TestMethod codeBase="C:/Development Projects/ENN/TestSuite/bin/Debug/TestSuite.DLL" adapterTypeName="Microsoft.VisualStudio.TestTools.TestTypes.Unit.UnitTestAdapter, Microsoft.VisualStudio.QualityTools.Tips.UnitTest.Adapter, Version=10.0.0.0, Culture=neutral, PublicKeyToken=b03f5f7f11d50a3a" className="TestSuite.Framework.StandLibFactoryTest, TestSuite, Version=1.0.0.0, Culture=neutral, PublicKeyToken=null" name="getActivationFunctionTest" />
    </UnitTest>
    <UnitTest name="EnableTimingTest" storage="c:\development projects\enn\testsuite\bin\debug\testsuite.dll" id="2b901e5f-9814-1f85-ba74-9596bce4ae77">
      <Execution id="453e6e47-a33b-467f-92df-41ff2e139d40" />
      <TestMethod codeBase="C:/Development Projects/ENN/TestSuite/bin/Debug/TestSuite.DLL" adapterTypeName="Microsoft.VisualStudio.TestTools.TestTypes.Unit.UnitTestAdapter, Microsoft.VisualStudio.QualityTools.Tips.UnitTest.Adapter, Version=10.0.0.0, Culture=neutral, PublicKeyToken=b03f5f7f11d50a3a" className="TestSuite.Framework.NetworkSettingsTest, TestSuite, Version=1.0.0.0, Culture=neutral, PublicKeyToken=null" name="EnableTimingTest" />
    </UnitTest>
    <UnitTest name="HyperbolicTangentTest" storage="c:\development projects\enn\testsuite\bin\debug\testsuite.dll" id="6d9bec79-b5da-bc4a-5a65-b5aeaeb99bc5">
      <Execution id="3f07749c-a28e-48cf-b579-0ba7488eee4b" />
      <TestMethod codeBase="C:/Development Projects/ENN/TestSuite/bin/Debug/TestSuite.DLL" adapterTypeName="Microsoft.VisualStudio.TestTools.TestTypes.Unit.UnitTestAdapter, Microsoft.VisualStudio.QualityTools.Tips.UnitTest.Adapter, Version=10.0.0.0, Culture=neutral, PublicKeyToken=b03f5f7f11d50a3a" className="TestSuite.Framework.SigmoidFunctionsTest, TestSuite, Version=1.0.0.0, Culture=neutral, PublicKeyToken=null" name="HyperbolicTangentTest" />
    </UnitTest>
    <UnitTest name="GeneralizedLogisticTest" storage="c:\development projects\enn\testsuite\bin\debug\testsuite.dll" id="d1aa1e04-5762-55e7-0a3f-f25ed3746b8e">
      <Execution id="c6135dd5-2925-4c81-b99e-7c7e7ac99956" />
      <TestMethod codeBase="C:/Development Projects/ENN/TestSuite/bin/Debug/TestSuite.DLL" adapterTypeName="Microsoft.VisualStudio.TestTools.TestTypes.Unit.UnitTestAdapter, Microsoft.VisualStudio.QualityTools.Tips.UnitTest.Adapter, Version=10.0.0.0, Culture=neutral, PublicKeyToken=b03f5f7f11d50a3a" className="TestSuite.Framework.SigmoidFunctionsTest, TestSuite, Version=1.0.0.0, Culture=neutral, PublicKeyToken=null" name="GeneralizedLogisticTest" />
    </UnitTest>
    <UnitTest name="StartNetworkTest" storage="c:\development projects\enn\testsuite\bin\debug\testsuite.dll" id="4d46c574-4e3e-c892-575b-4964cedc723f">
      <Execution id="4e4184df-7612-4bb4-b34c-af4e639b9634" />
      <TestMethod codeBase="C:/Development Projects/ENN/TestSuite/bin/Debug/TestSuite.DLL" adapterTypeName="Microsoft.VisualStudio.TestTools.TestTypes.Unit.UnitTestAdapter, Microsoft.VisualStudio.QualityTools.Tips.UnitTest.Adapter, Version=10.0.0.0, Culture=neutral, PublicKeyToken=b03f5f7f11d50a3a" className="TestSuite.Framework.NeuralNetworkTest, TestSuite, Version=1.0.0.0, Culture=neutral, PublicKeyToken=null" name="StartNetworkTest" />
    </UnitTest>
    <UnitTest name="GeneralizedLogisticTest1" storage="c:\development projects\enn\testsuite\bin\debug\testsuite.dll" id="2c89c367-a74f-da41-08f4-450946228133">
      <Execution id="90606d00-d4f2-46cf-aef6-4c286d6076c1" />
      <TestMethod codeBase="C:/Development Projects/ENN/TestSuite/bin/Debug/TestSuite.DLL" adapterTypeName="Microsoft.VisualStudio.TestTools.TestTypes.Unit.UnitTestAdapter, Microsoft.VisualStudio.QualityTools.Tips.UnitTest.Adapter, Version=10.0.0.0, Culture=neutral, PublicKeyToken=b03f5f7f11d50a3a" className="TestSuite.Framework.SigmoidFunctionsTest, TestSuite, Version=1.0.0.0, Culture=neutral, PublicKeyToken=null" name="GeneralizedLogisticTest1" />
    </UnitTest>
    <UnitTest name="DefaultOutputLayerTest" storage="c:\development projects\enn\testsuite\bin\debug\testsuite.dll" id="a8823d1a-dea7-22d8-3b80-cec046111d72">
      <Execution id="01ea7581-2c25-4807-a2f0-8c51f0ace202" />
      <TestMethod codeBase="C:/Development Projects/ENN/TestSuite/bin/Debug/TestSuite.DLL" adapterTypeName="Microsoft.VisualStudio.TestTools.TestTypes.Unit.UnitTestAdapter, Microsoft.VisualStudio.QualityTools.Tips.UnitTest.Adapter, Version=10.0.0.0, Culture=neutral, PublicKeyToken=b03f5f7f11d50a3a" className="TestSuite.Framework.NetworkSettingsTest, TestSuite, Version=1.0.0.0, Culture=neutral, PublicKeyToken=null" name="DefaultOutputLayerTest" />
    </UnitTest>
    <UnitTest name="SaveLoadBinaryTest" storage="c:\development projects\enn\testsuite\bin\debug\testsuite.dll" id="38c45ed0-2293-3c74-f641-ef31e1cff933">
      <Execution id="86523274-f6e8-4069-99aa-8c61cc3d79cc" />
      <TestMethod codeBase="C:/Development Projects/ENN/TestSuite/bin/Debug/TestSuite.DLL" adapterTypeName="Microsoft.VisualStudio.TestTools.TestTypes.Unit.UnitTestAdapter, Microsoft.VisualStudio.QualityTools.Tips.UnitTest.Adapter, Version=10.0.0.0, Culture=neutral, PublicKeyToken=b03f5f7f11d50a3a" className="TestSuite.Framework.Tools.TopologyTest, TestSuite, Version=1.0.0.0, Culture=neutral, PublicKeyToken=null" name="SaveLoadBinaryTest" />
    </UnitTest>
    <UnitTest name="HillClimbAlgoConstructorTest" storage="c:\development projects\enn\testsuite\bin\debug\testsuite.dll" id="bd6134f3-8c29-55c3-d0c7-c2fb216d01d4">
      <Execution id="bebabd12-3fa1-4ff7-b832-a9702ea28aa5" />
      <TestMethod codeBase="C:/Development Projects/ENN/TestSuite/bin/Debug/TestSuite.DLL" adapterTypeName="Microsoft.VisualStudio.TestTools.TestTypes.Unit.UnitTestAdapter, Microsoft.VisualStudio.QualityTools.Tips.UnitTest.Adapter, Version=10.0.0.0, Culture=neutral, PublicKeyToken=b03f5f7f11d50a3a" className="TestSuite.Framework.HillClimbAlgoTest, TestSuite, Version=1.0.0.0, Culture=neutral, PublicKeyToken=null" name="HillClimbAlgoConstructorTest" />
    </UnitTest>
    <UnitTest name="GetValueTest" storage="c:\development projects\enn\testsuite\bin\debug\testsuite.dll" id="7ddb6d66-d4cc-b85e-ceb4-dacdc7709908">
      <Execution id="45744a24-fd77-4e1f-ac18-bdd370b4f198" />
      <TestMethod codeBase="C:/Development Projects/ENN/TestSuite/bin/Debug/TestSuite.DLL" adapterTypeName="Microsoft.VisualStudio.TestTools.TestTypes.Unit.UnitTestAdapter, Microsoft.VisualStudio.QualityTools.Tips.UnitTest.Adapter, Version=10.0.0.0, Culture=neutral, PublicKeyToken=b03f5f7f11d50a3a" className="TestSuite.Framework.BasicOutputLayerTest, TestSuite, Version=1.0.0.0, Culture=neutral, PublicKeyToken=null" name="GetValueTest" />
    </UnitTest>
    <UnitTest name="EqualsTest" storage="c:\development projects\enn\testsuite\bin\debug\testsuite.dll" id="604a034f-362e-5faa-f734-caee2f5177cf">
      <Execution id="7ac5a0ec-9716-415c-921c-2da072e3e06c" />
      <TestMethod codeBase="C:/Development Projects/ENN/TestSuite/bin/Debug/TestSuite.DLL" adapterTypeName="Microsoft.VisualStudio.TestTools.TestTypes.Unit.UnitTestAdapter, Microsoft.VisualStudio.QualityTools.Tips.UnitTest.Adapter, Version=10.0.0.0, Culture=neutral, PublicKeyToken=b03f5f7f11d50a3a" className="TestSuite.Framework.BasicLayerTest, TestSuite, Version=1.0.0.0, Culture=neutral, PublicKeyToken=null" name="EqualsTest" />
    </UnitTest>
    <UnitTest name="GetValueTest" storage="c:\development projects\enn\testsuite\bin\debug\testsuite.dll" id="ed6cbf7c-1892-3c38-82a7-ffa09ec69e5a">
      <Execution id="4ef8798d-16f2-4a57-9588-0dcbfe7b84ff" />
      <TestMethod codeBase="C:/Development Projects/ENN/TestSuite/bin/Debug/TestSuite.DLL" adapterTypeName="Microsoft.VisualStudio.TestTools.TestTypes.Unit.UnitTestAdapter, Microsoft.VisualStudio.QualityTools.Tips.UnitTest.Adapter, Version=10.0.0.0, Culture=neutral, PublicKeyToken=b03f5f7f11d50a3a" className="TestSuite.Framework.BasicNodeTest, TestSuite, Version=1.0.0.0, Culture=neutral, PublicKeyToken=null" name="GetValueTest" />
    </UnitTest>
    <UnitTest name="TrainingAlgorithmTest" storage="c:\development projects\enn\testsuite\bin\debug\testsuite.dll" id="1f504a14-9109-8935-fb3d-3e0cc9acaced">
      <Execution id="ff6f723f-576b-42c9-8a20-0afd0a6f760d" />
      <TestMethod codeBase="C:/Development Projects/ENN/TestSuite/bin/Debug/TestSuite.DLL" adapterTypeName="Microsoft.VisualStudio.TestTools.TestTypes.Unit.UnitTestAdapter, Microsoft.VisualStudio.QualityTools.Tips.UnitTest.Adapter, Version=10.0.0.0, Culture=neutral, PublicKeyToken=b03f5f7f11d50a3a" className="TestSuite.Framework.NetworkTopologyTest, TestSuite, Version=1.0.0.0, Culture=neutral, PublicKeyToken=null" name="TrainingAlgorithmTest" />
    </UnitTest>
    <UnitTest name="DefaultFactoryTest" storage="c:\development projects\enn\testsuite\bin\debug\testsuite.dll" id="b4ff2759-93e7-a8a5-d6b3-d10da4893f5a">
      <Execution id="98a95024-fbcf-4b65-b3d7-6fd8cdfaa488" />
      <TestMethod codeBase="C:/Development Projects/ENN/TestSuite/bin/Debug/TestSuite.DLL" adapterTypeName="Microsoft.VisualStudio.TestTools.TestTypes.Unit.UnitTestAdapter, Microsoft.VisualStudio.QualityTools.Tips.UnitTest.Adapter, Version=10.0.0.0, Culture=neutral, PublicKeyToken=b03f5f7f11d50a3a" className="TestSuite.Framework.NetworkSettingsTest, TestSuite, Version=1.0.0.0, Culture=neutral, PublicKeyToken=null" name="DefaultFactoryTest" />
    </UnitTest>
    <UnitTest name="EqualsTest" storage="c:\development projects\enn\testsuite\bin\debug\testsuite.dll" id="8de660a6-a5b4-4a08-e168-84d6a8847c2d">
      <Execution id="586cf74b-84e2-41e7-ab09-e95236c9b775" />
      <TestMethod codeBase="C:/Development Projects/ENN/TestSuite/bin/Debug/TestSuite.DLL" adapterTypeName="Microsoft.VisualStudio.TestTools.TestTypes.Unit.UnitTestAdapter, Microsoft.VisualStudio.QualityTools.Tips.UnitTest.Adapter, Version=10.0.0.0, Culture=neutral, PublicKeyToken=b03f5f7f11d50a3a" className="TestSuite.Framework.NetworkTopologyTest, TestSuite, Version=1.0.0.0, Culture=neutral, PublicKeyToken=null" name="EqualsTest" />
    </UnitTest>
    <UnitTest name="EqualsTest" storage="c:\development projects\enn\testsuite\bin\debug\testsuite.dll" id="6a52bd04-93c0-3f97-3dd3-da1b2d4c5d7d">
      <Execution id="1401c979-a94d-4394-90a0-fc5c54af30dd" />
      <TestMethod codeBase="C:/Development Projects/ENN/TestSuite/bin/Debug/TestSuite.DLL" adapterTypeName="Microsoft.VisualStudio.TestTools.TestTypes.Unit.UnitTestAdapter, Microsoft.VisualStudio.QualityTools.Tips.UnitTest.Adapter, Version=10.0.0.0, Culture=neutral, PublicKeyToken=b03f5f7f11d50a3a" className="TestSuite.Framework.BasicOutputLayerTest, TestSuite, Version=1.0.0.0, Culture=neutral, PublicKeyToken=null" name="EqualsTest" />
    </UnitTest>
    <UnitTest name="getCombinationFunctionTest" storage="c:\development projects\enn\testsuite\bin\debug\testsuite.dll" id="349f5a51-cd4a-74bd-4680-47d19c2c213f">
      <Execution id="74c0b3ed-1643-461b-9fba-d452d0cfb072" />
      <TestMethod codeBase="C:/Development Projects/ENN/TestSuite/bin/Debug/TestSuite.DLL" adapterTypeName="Microsoft.VisualStudio.TestTools.TestTypes.Unit.UnitTestAdapter, Microsoft.VisualStudio.QualityTools.Tips.UnitTest.Adapter, Version=10.0.0.0, Culture=neutral, PublicKeyToken=b03f5f7f11d50a3a" className="TestSuite.Framework.StandLibFactoryTest, TestSuite, Version=1.0.0.0, Culture=neutral, PublicKeyToken=null" name="getCombinationFunctionTest" />
    </UnitTest>
    <UnitTest name="TrainingAccuracyTest" storage="c:\development projects\enn\testsuite\bin\debug\testsuite.dll" id="8c397046-78ee-c33d-3e4c-44a5719d553d">
      <Execution id="829ff9d7-9e03-4ee5-a788-6d2df7040d91" />
      <TestMethod codeBase="C:/Development Projects/ENN/TestSuite/bin/Debug/TestSuite.DLL" adapterTypeName="Microsoft.VisualStudio.TestTools.TestTypes.Unit.UnitTestAdapter, Microsoft.VisualStudio.QualityTools.Tips.UnitTest.Adapter, Version=10.0.0.0, Culture=neutral, PublicKeyToken=b03f5f7f11d50a3a" className="TestSuite.Framework.NetworkSettingsTest, TestSuite, Version=1.0.0.0, Culture=neutral, PublicKeyToken=null" name="TrainingAccuracyTest" />
    </UnitTest>
    <UnitTest name="HiddenLayersTest" storage="c:\development projects\enn\testsuite\bin\debug\testsuite.dll" id="ba1cb5ab-f487-d922-92d1-b5c0b8d6512f">
      <Execution id="95513d9f-3bec-4446-b7b1-b20d24bae753" />
      <TestMethod codeBase="C:/Development Projects/ENN/TestSuite/bin/Debug/TestSuite.DLL" adapterTypeName="Microsoft.VisualStudio.TestTools.TestTypes.Unit.UnitTestAdapter, Microsoft.VisualStudio.QualityTools.Tips.UnitTest.Adapter, Version=10.0.0.0, Culture=neutral, PublicKeyToken=b03f5f7f11d50a3a" className="TestSuite.Framework.NetworkTopologyTest, TestSuite, Version=1.0.0.0, Culture=neutral, PublicKeyToken=null" name="HiddenLayersTest" />
    </UnitTest>
    <UnitTest name="SaveText" storage="c:\development projects\enn\testsuite\bin\debug\testsuite.dll" id="dc7516d4-ea11-52ea-592a-675e802b27f3">
      <Execution id="9cb97cb8-ca51-4174-9ae3-b406a09aa00e" />
      <TestMethod codeBase="C:/Development Projects/ENN/TestSuite/bin/Debug/TestSuite.DLL" adapterTypeName="Microsoft.VisualStudio.TestTools.TestTypes.Unit.UnitTestAdapter, Microsoft.VisualStudio.QualityTools.Tips.UnitTest.Adapter, Version=10.0.0.0, Culture=neutral, PublicKeyToken=b03f5f7f11d50a3a" className="TestSuite.Framework.Tools.SettingsTest, TestSuite, Version=1.0.0.0, Culture=neutral, PublicKeyToken=null" name="SaveText" />
    </UnitTest>
    <UnitTest name="EqualsTest" storage="c:\development projects\enn\testsuite\bin\debug\testsuite.dll" id="b5af2dd1-ef3f-eec7-b120-54c52453cde4">
      <Execution id="6336beae-742f-48a3-be31-15570820efe2" />
      <TestMethod codeBase="C:/Development Projects/ENN/TestSuite/bin/Debug/TestSuite.DLL" adapterTypeName="Microsoft.VisualStudio.TestTools.TestTypes.Unit.UnitTestAdapter, Microsoft.VisualStudio.QualityTools.Tips.UnitTest.Adapter, Version=10.0.0.0, Culture=neutral, PublicKeyToken=b03f5f7f11d50a3a" className="TestSuite.Framework.HillClimbAlgoTest, TestSuite, Version=1.0.0.0, Culture=neutral, PublicKeyToken=null" name="EqualsTest" />
    </UnitTest>
    <UnitTest name="PostProcessorTest" storage="c:\development projects\enn\testsuite\bin\debug\testsuite.dll" id="6c48ec72-9487-035f-80b3-d8b19112a2d9">
      <Execution id="28bf48da-02c4-4b39-aade-74ab9a7bb7d8" />
      <TestMethod codeBase="C:/Development Projects/ENN/TestSuite/bin/Debug/TestSuite.DLL" adapterTypeName="Microsoft.VisualStudio.TestTools.TestTypes.Unit.UnitTestAdapter, Microsoft.VisualStudio.QualityTools.Tips.UnitTest.Adapter, Version=10.0.0.0, Culture=neutral, PublicKeyToken=b03f5f7f11d50a3a" className="TestSuite.Framework.NetworkTopologyTest, TestSuite, Version=1.0.0.0, Culture=neutral, PublicKeyToken=null" name="PostProcessorTest" />
    </UnitTest>
    <UnitTest name="MetaDataTest" storage="c:\development projects\enn\testsuite\bin\debug\testsuite.dll" id="54ea49d7-872c-276b-d1ac-f03e032aae87">
      <Execution id="4d7ab40f-a679-4122-9dd8-e0aafc994deb" />
      <TestMethod codeBase="C:/Development Projects/ENN/TestSuite/bin/Debug/TestSuite.DLL" adapterTypeName="Microsoft.VisualStudio.TestTools.TestTypes.Unit.UnitTestAdapter, Microsoft.VisualStudio.QualityTools.Tips.UnitTest.Adapter, Version=10.0.0.0, Culture=neutral, PublicKeyToken=b03f5f7f11d50a3a" className="TestSuite.Framework.NetworkTopologyTest, TestSuite, Version=1.0.0.0, Culture=neutral, PublicKeyToken=null" name="MetaDataTest" />
    </UnitTest>
    <UnitTest name="SetSettingsTest" storage="c:\development projects\enn\testsuite\bin\debug\testsuite.dll" id="680a45b5-4f49-a5c2-34cb-d26f2ad2185b">
      <Execution id="0c6a075b-d061-47fd-9494-a8ede7239896" />
      <TestMethod codeBase="C:/Development Projects/ENN/TestSuite/bin/Debug/TestSuite.DLL" adapterTypeName="Microsoft.VisualStudio.TestTools.TestTypes.Unit.UnitTestAdapter, Microsoft.VisualStudio.QualityTools.Tips.UnitTest.Adapter, Version=10.0.0.0, Culture=neutral, PublicKeyToken=b03f5f7f11d50a3a" className="TestSuite.Framework.HillClimbAlgoTest, TestSuite, Version=1.0.0.0, Culture=neutral, PublicKeyToken=null" name="SetSettingsTest" />
    </UnitTest>
    <UnitTest name="NetworkTypeTest" storage="c:\development projects\enn\testsuite\bin\debug\testsuite.dll" id="a1ceb0d7-e762-54e4-c7d1-02628c8188ab">
      <Execution id="fee3cec7-cf04-4188-98de-a94e1c875f1a" />
      <TestMethod codeBase="C:/Development Projects/ENN/TestSuite/bin/Debug/TestSuite.DLL" adapterTypeName="Microsoft.VisualStudio.TestTools.TestTypes.Unit.UnitTestAdapter, Microsoft.VisualStudio.QualityTools.Tips.UnitTest.Adapter, Version=10.0.0.0, Culture=neutral, PublicKeyToken=b03f5f7f11d50a3a" className="TestSuite.Framework.NetworkSettingsTest, TestSuite, Version=1.0.0.0, Culture=neutral, PublicKeyToken=null" name="NetworkTypeTest" />
    </UnitTest>
    <UnitTest name="OutputLayerTest" storage="c:\development projects\enn\testsuite\bin\debug\testsuite.dll" id="99f0b5b4-0a2a-3205-9152-e1a3e644b886">
      <Execution id="e63e532b-b769-4d93-935b-264aa4d0cdb1" />
      <TestMethod codeBase="C:/Development Projects/ENN/TestSuite/bin/Debug/TestSuite.DLL" adapterTypeName="Microsoft.VisualStudio.TestTools.TestTypes.Unit.UnitTestAdapter, Microsoft.VisualStudio.QualityTools.Tips.UnitTest.Adapter, Version=10.0.0.0, Culture=neutral, PublicKeyToken=b03f5f7f11d50a3a" className="TestSuite.Framework.NetworkTopologyTest, TestSuite, Version=1.0.0.0, Culture=neutral, PublicKeyToken=null" name="OutputLayerTest" />
    </UnitTest>
    <UnitTest name="PreProcessorTest" storage="c:\development projects\enn\testsuite\bin\debug\testsuite.dll" id="1b724367-d2c1-3107-fa6a-cfdd80613097">
      <Execution id="90e455c4-2733-462e-87da-feabc7a910a6" />
      <TestMethod codeBase="C:/Development Projects/ENN/TestSuite/bin/Debug/TestSuite.DLL" adapterTypeName="Microsoft.VisualStudio.TestTools.TestTypes.Unit.UnitTestAdapter, Microsoft.VisualStudio.QualityTools.Tips.UnitTest.Adapter, Version=10.0.0.0, Culture=neutral, PublicKeyToken=b03f5f7f11d50a3a" className="TestSuite.Framework.NetworkTopologyTest, TestSuite, Version=1.0.0.0, Culture=neutral, PublicKeyToken=null" name="PreProcessorTest" />
    </UnitTest>
    <UnitTest name="TrainingPreProcessorTest" storage="c:\development projects\enn\testsuite\bin\debug\testsuite.dll" id="f1ce82b4-23b4-e9e2-a855-4dfbf8340573">
      <Execution id="058bc206-b1a8-4c81-b38a-2c5fe399de66" />
      <TestMethod codeBase="C:/Development Projects/ENN/TestSuite/bin/Debug/TestSuite.DLL" adapterTypeName="Microsoft.VisualStudio.TestTools.TestTypes.Unit.UnitTestAdapter, Microsoft.VisualStudio.QualityTools.Tips.UnitTest.Adapter, Version=10.0.0.0, Culture=neutral, PublicKeyToken=b03f5f7f11d50a3a" className="TestSuite.Framework.NetworkTopologyTest, TestSuite, Version=1.0.0.0, Culture=neutral, PublicKeyToken=null" name="TrainingPreProcessorTest" />
    </UnitTest>
    <UnitTest name="ModeTest" storage="c:\development projects\enn\testsuite\bin\debug\testsuite.dll" id="8fa4a54a-bae6-94d8-d573-1647c12d4824">
      <Execution id="117b872c-932d-4364-8caf-2632cf93afaa" />
      <TestMethod codeBase="C:/Development Projects/ENN/TestSuite/bin/Debug/TestSuite.DLL" adapterTypeName="Microsoft.VisualStudio.TestTools.TestTypes.Unit.UnitTestAdapter, Microsoft.VisualStudio.QualityTools.Tips.UnitTest.Adapter, Version=10.0.0.0, Culture=neutral, PublicKeyToken=b03f5f7f11d50a3a" className="TestSuite.Framework.NetworkSettingsTest, TestSuite, Version=1.0.0.0, Culture=neutral, PublicKeyToken=null" name="ModeTest" />
    </UnitTest>
    <UnitTest name="DefaultNodeTest" storage="c:\development projects\enn\testsuite\bin\debug\testsuite.dll" id="3c3ed5b7-5e6a-8138-0b65-4fd13679f387">
      <Execution id="48489362-e0f9-482a-8cee-1f81fa601f01" />
      <TestMethod codeBase="C:/Development Projects/ENN/TestSuite/bin/Debug/TestSuite.DLL" adapterTypeName="Microsoft.VisualStudio.TestTools.TestTypes.Unit.UnitTestAdapter, Microsoft.VisualStudio.QualityTools.Tips.UnitTest.Adapter, Version=10.0.0.0, Culture=neutral, PublicKeyToken=b03f5f7f11d50a3a" className="TestSuite.Framework.NetworkSettingsTest, TestSuite, Version=1.0.0.0, Culture=neutral, PublicKeyToken=null" name="DefaultNodeTest" />
    </UnitTest>
    <UnitTest name="sumationTest" storage="c:\development projects\enn\testsuite\bin\debug\testsuite.dll" id="d7de268d-ad00-3d1a-9ef6-c7d7c6d2c881">
      <Execution id="474a0c23-1951-46a3-9904-208bfd598711" />
      <TestMethod codeBase="C:/Development Projects/ENN/TestSuite/bin/Debug/TestSuite.DLL" adapterTypeName="Microsoft.VisualStudio.TestTools.TestTypes.Unit.UnitTestAdapter, Microsoft.VisualStudio.QualityTools.Tips.UnitTest.Adapter, Version=10.0.0.0, Culture=neutral, PublicKeyToken=b03f5f7f11d50a3a" className="TestSuite.Framework.CombinationFunctionsTest, TestSuite, Version=1.0.0.0, Culture=neutral, PublicKeyToken=null" name="sumationTest" />
    </UnitTest>
    <UnitTest name="ParseListTest" storage="c:\development projects\enn\testsuite\bin\debug\testsuite.dll" id="e28af217-9e05-374a-b589-3e0e31013f06">
      <Execution id="919080a0-9632-4842-a786-501d3ef857ad" />
      <TestMethod codeBase="C:/Development Projects/ENN/TestSuite/bin/Debug/TestSuite.DLL" adapterTypeName="Microsoft.VisualStudio.TestTools.TestTypes.Unit.UnitTestAdapter, Microsoft.VisualStudio.QualityTools.Tips.UnitTest.Adapter, Version=10.0.0.0, Culture=neutral, PublicKeyToken=b03f5f7f11d50a3a" className="TestSuite.Framework.StandLibFactoryTest, TestSuite, Version=1.0.0.0, Culture=neutral, PublicKeyToken=null" name="ParseListTest" />
    </UnitTest>
    <UnitTest name="GetValueTest" storage="c:\development projects\enn\testsuite\bin\debug\testsuite.dll" id="855130ce-84bf-1161-1eee-aae8000252b2">
      <Execution id="0de7ec10-3e39-498a-880b-3f5fa4ffe591" />
      <TestMethod codeBase="C:/Development Projects/ENN/TestSuite/bin/Debug/TestSuite.DLL" adapterTypeName="Microsoft.VisualStudio.TestTools.TestTypes.Unit.UnitTestAdapter, Microsoft.VisualStudio.QualityTools.Tips.UnitTest.Adapter, Version=10.0.0.0, Culture=neutral, PublicKeyToken=b03f5f7f11d50a3a" className="TestSuite.Framework.CustomizableNodeTest, TestSuite, Version=1.0.0.0, Culture=neutral, PublicKeyToken=null" name="GetValueTest" />
    </UnitTest>
    <UnitTest name="NetworkTopologyConstructorTest" storage="c:\development projects\enn\testsuite\bin\debug\testsuite.dll" id="90d4d793-c175-7e4f-a953-2c15482e9127">
      <Execution id="f21a6a73-a8f4-4fae-b1e2-5a72446fdd92" />
      <TestMethod codeBase="C:/Development Projects/ENN/TestSuite/bin/Debug/TestSuite.DLL" adapterTypeName="Microsoft.VisualStudio.TestTools.TestTypes.Unit.UnitTestAdapter, Microsoft.VisualStudio.QualityTools.Tips.UnitTest.Adapter, Version=10.0.0.0, Culture=neutral, PublicKeyToken=b03f5f7f11d50a3a" className="TestSuite.Framework.NetworkTopologyTest, TestSuite, Version=1.0.0.0, Culture=neutral, PublicKeyToken=null" name="NetworkTopologyConstructorTest" />
    </UnitTest>
    <UnitTest name="LoadText" storage="c:\development projects\enn\testsuite\bin\debug\testsuite.dll" id="895e1ad2-9637-1929-bdca-2e13d6ecdf33">
      <Execution id="ad794049-f111-4cf9-9db9-a4f2a9e2e572" />
      <TestMethod codeBase="C:/Development Projects/ENN/TestSuite/bin/Debug/TestSuite.DLL" adapterTypeName="Microsoft.VisualStudio.TestTools.TestTypes.Unit.UnitTestAdapter, Microsoft.VisualStudio.QualityTools.Tips.UnitTest.Adapter, Version=10.0.0.0, Culture=neutral, PublicKeyToken=b03f5f7f11d50a3a" className="TestSuite.Framework.Tools.SettingsTest, TestSuite, Version=1.0.0.0, Culture=neutral, PublicKeyToken=null" name="LoadText" />
    </UnitTest>
    <UnitTest name="BasicLayerConstructorTest" storage="c:\development projects\enn\testsuite\bin\debug\testsuite.dll" id="07b21b41-3269-6cca-bc3e-6dc3a61f0299">
      <Execution id="12e8c8bb-7c41-4779-a032-b7f7631abf7f" />
      <TestMethod codeBase="C:/Development Projects/ENN/TestSuite/bin/Debug/TestSuite.DLL" adapterTypeName="Microsoft.VisualStudio.TestTools.TestTypes.Unit.UnitTestAdapter, Microsoft.VisualStudio.QualityTools.Tips.UnitTest.Adapter, Version=10.0.0.0, Culture=neutral, PublicKeyToken=b03f5f7f11d50a3a" className="TestSuite.Framework.BasicLayerTest, TestSuite, Version=1.0.0.0, Culture=neutral, PublicKeyToken=null" name="BasicLayerConstructorTest" />
    </UnitTest>
    <UnitTest name="EqualsTest" storage="c:\development projects\enn\testsuite\bin\debug\testsuite.dll" id="020f297e-a2c1-3a64-4acc-60c7b6d21770">
      <Execution id="d39cddb1-0f9b-48c8-bdfa-2ad4b6dc3ff9" />
      <TestMethod codeBase="C:/Development Projects/ENN/TestSuite/bin/Debug/TestSuite.DLL" adapterTypeName="Microsoft.VisualStudio.TestTools.TestTypes.Unit.UnitTestAdapter, Microsoft.VisualStudio.QualityTools.Tips.UnitTest.Adapter, Version=10.0.0.0, Culture=neutral, PublicKeyToken=b03f5f7f11d50a3a" className="TestSuite.Framework.CustomizableNodeTest, TestSuite, Version=1.0.0.0, Culture=neutral, PublicKeyToken=null" name="EqualsTest" />
    </UnitTest>
    <UnitTest name="ModifiedLogisticTest" storage="c:\development projects\enn\testsuite\bin\debug\testsuite.dll" id="53c97187-29f3-3a29-3a8c-67e2258754c3">
      <Execution id="d28e8c5f-3bd0-4848-bde6-450512fcfbb5" />
      <TestMethod codeBase="C:/Development Projects/ENN/TestSuite/bin/Debug/TestSuite.DLL" adapterTypeName="Microsoft.VisualStudio.TestTools.TestTypes.Unit.UnitTestAdapter, Microsoft.VisualStudio.QualityTools.Tips.UnitTest.Adapter, Version=10.0.0.0, Culture=neutral, PublicKeyToken=b03f5f7f11d50a3a" className="TestSuite.Framework.SigmoidFunctionsTest, TestSuite, Version=1.0.0.0, Culture=neutral, PublicKeyToken=null" name="ModifiedLogisticTest" />
    </UnitTest>
    <UnitTest name="CombinationFunctionsConstructorTest" storage="c:\development projects\enn\testsuite\bin\debug\testsuite.dll" id="814adc11-a284-0739-1c15-5af3c44473d8">
      <Execution id="50170f91-fa7c-4769-b2ce-dc80e6c678b7" />
      <TestMethod codeBase="C:/Development Projects/ENN/TestSuite/bin/Debug/TestSuite.DLL" adapterTypeName="Microsoft.VisualStudio.TestTools.TestTypes.Unit.UnitTestAdapter, Microsoft.VisualStudio.QualityTools.Tips.UnitTest.Adapter, Version=10.0.0.0, Culture=neutral, PublicKeyToken=b03f5f7f11d50a3a" className="TestSuite.Framework.CombinationFunctionsTest, TestSuite, Version=1.0.0.0, Culture=neutral, PublicKeyToken=null" name="CombinationFunctionsConstructorTest" />
    </UnitTest>
    <UnitTest name="productionTest" storage="c:\development projects\enn\testsuite\bin\debug\testsuite.dll" id="41c561ac-f514-03ed-4f2e-66225ee0a9b3">
      <Execution id="2fbbf12c-1fae-4fae-be38-b751042fcec0" />
      <TestMethod codeBase="C:/Development Projects/ENN/TestSuite/bin/Debug/TestSuite.DLL" adapterTypeName="Microsoft.VisualStudio.TestTools.TestTypes.Unit.UnitTestAdapter, Microsoft.VisualStudio.QualityTools.Tips.UnitTest.Adapter, Version=10.0.0.0, Culture=neutral, PublicKeyToken=b03f5f7f11d50a3a" className="TestSuite.Framework.CombinationFunctionsTest, TestSuite, Version=1.0.0.0, Culture=neutral, PublicKeyToken=null" name="productionTest" />
    </UnitTest>
    <UnitTest name="SaveTextTest" storage="c:\development projects\enn\testsuite\bin\debug\testsuite.dll" id="49de5b48-9eaf-d0db-f8b0-e44b0098530f">
      <Execution id="ee95a433-fa27-4362-a3b2-c5598eaf8615" />
      <TestMethod codeBase="C:/Development Projects/ENN/TestSuite/bin/Debug/TestSuite.DLL" adapterTypeName="Microsoft.VisualStudio.TestTools.TestTypes.Unit.UnitTestAdapter, Microsoft.VisualStudio.QualityTools.Tips.UnitTest.Adapter, Version=10.0.0.0, Culture=neutral, PublicKeyToken=b03f5f7f11d50a3a" className="TestSuite.Framework.Tools.TopologyTest, TestSuite, Version=1.0.0.0, Culture=neutral, PublicKeyToken=null" name="SaveTextTest" />
    </UnitTest>
    <UnitTest name="LogisticTest" storage="c:\development projects\enn\testsuite\bin\debug\testsuite.dll" id="ca9b7ca8-ec0a-3d74-80eb-bb3fce3380f1">
      <Execution id="869ff182-5b7e-4199-af50-c5249de9de29" />
      <TestMethod codeBase="C:/Development Projects/ENN/TestSuite/bin/Debug/TestSuite.DLL" adapterTypeName="Microsoft.VisualStudio.TestTools.TestTypes.Unit.UnitTestAdapter, Microsoft.VisualStudio.QualityTools.Tips.UnitTest.Adapter, Version=10.0.0.0, Culture=neutral, PublicKeyToken=b03f5f7f11d50a3a" className="TestSuite.Framework.SigmoidFunctionsTest, TestSuite, Version=1.0.0.0, Culture=neutral, PublicKeyToken=null" name="LogisticTest" />
    </UnitTest>
    <UnitTest name="LoadTextTest" storage="c:\development projects\enn\testsuite\bin\debug\testsuite.dll" id="7d8ab741-01d2-0d2d-1e29-c0fcb83101fd">
      <Execution id="45392441-db4a-463a-ba72-2140517572a8" />
      <TestMethod codeBase="C:/Development Projects/ENN/TestSuite/bin/Debug/TestSuite.DLL" adapterTypeName="Microsoft.VisualStudio.TestTools.TestTypes.Unit.UnitTestAdapter, Microsoft.VisualStudio.QualityTools.Tips.UnitTest.Adapter, Version=10.0.0.0, Culture=neutral, PublicKeyToken=b03f5f7f11d50a3a" className="TestSuite.Framework.Tools.TopologyTest, TestSuite, Version=1.0.0.0, Culture=neutral, PublicKeyToken=null" name="LoadTextTest" />
    </UnitTest>
    <UnitTest name="MetaDataTest" storage="c:\development projects\enn\testsuite\bin\debug\testsuite.dll" id="47b48568-fe23-aa9f-4797-84c392c55991">
      <Execution id="183e8f4f-c372-4c88-ace1-b971b6f3d377" />
      <TestMethod codeBase="C:/Development Projects/ENN/TestSuite/bin/Debug/TestSuite.DLL" adapterTypeName="Microsoft.VisualStudio.TestTools.TestTypes.Unit.UnitTestAdapter, Microsoft.VisualStudio.QualityTools.Tips.UnitTest.Adapter, Version=10.0.0.0, Culture=neutral, PublicKeyToken=b03f5f7f11d50a3a" className="TestSuite.Framework.BasicLayerTest, TestSuite, Version=1.0.0.0, Culture=neutral, PublicKeyToken=null" name="MetaDataTest" />
    </UnitTest>
    <UnitTest name="GetValuesTest" storage="c:\development projects\enn\testsuite\bin\debug\testsuite.dll" id="f053d416-9380-8069-ef40-6a7789ba8040">
      <Execution id="2db138ba-f202-4fbb-a869-a6ceb5b8eb42" />
      <TestMethod codeBase="C:/Development Projects/ENN/TestSuite/bin/Debug/TestSuite.DLL" adapterTypeName="Microsoft.VisualStudio.TestTools.TestTypes.Unit.UnitTestAdapter, Microsoft.VisualStudio.QualityTools.Tips.UnitTest.Adapter, Version=10.0.0.0, Culture=neutral, PublicKeyToken=b03f5f7f11d50a3a" className="TestSuite.Framework.BasicLayerTest, TestSuite, Version=1.0.0.0, Culture=neutral, PublicKeyToken=null" name="GetValuesTest" />
    </UnitTest>
    <UnitTest name="ToStringTest" storage="c:\development projects\enn\testsuite\bin\debug\testsuite.dll" id="e000e601-a400-b77b-7cbe-e16a1fb8bf43">
      <Execution id="9768e952-64fd-4d52-b333-645560791c6a" />
      <TestMethod codeBase="C:/Development Projects/ENN/TestSuite/bin/Debug/TestSuite.DLL" adapterTypeName="Microsoft.VisualStudio.TestTools.TestTypes.Unit.UnitTestAdapter, Microsoft.VisualStudio.QualityTools.Tips.UnitTest.Adapter, Version=10.0.0.0, Culture=neutral, PublicKeyToken=b03f5f7f11d50a3a" className="TestSuite.Framework.NetworkSettingsTest, TestSuite, Version=1.0.0.0, Culture=neutral, PublicKeyToken=null" name="ToStringTest" />
    </UnitTest>
    <UnitTest name="ComputeDecisionTest" storage="c:\development projects\enn\testsuite\bin\debug\testsuite.dll" id="b6e27dc1-3f73-d482-30bb-5034e06d0f49">
      <Execution id="cfa07695-737a-4e05-87b7-f8faa427a5a7" />
      <TestMethod codeBase="C:/Development Projects/ENN/TestSuite/bin/Debug/TestSuite.DLL" adapterTypeName="Microsoft.VisualStudio.TestTools.TestTypes.Unit.UnitTestAdapter, Microsoft.VisualStudio.QualityTools.Tips.UnitTest.Adapter, Version=10.0.0.0, Culture=neutral, PublicKeyToken=b03f5f7f11d50a3a" className="TestSuite.Framework.NeuralNetworkTest, TestSuite, Version=1.0.0.0, Culture=neutral, PublicKeyToken=null" name="ComputeDecisionTest" />
    </UnitTest>
    <UnitTest name="ToStringTest" storage="c:\development projects\enn\testsuite\bin\debug\testsuite.dll" id="ea95e44c-ad70-2fd7-0521-02dea5e03db6">
      <Execution id="cbf6aa8c-da47-42e6-857b-4cace80138bf" />
      <TestMethod codeBase="C:/Development Projects/ENN/TestSuite/bin/Debug/TestSuite.DLL" adapterTypeName="Microsoft.VisualStudio.TestTools.TestTypes.Unit.UnitTestAdapter, Microsoft.VisualStudio.QualityTools.Tips.UnitTest.Adapter, Version=10.0.0.0, Culture=neutral, PublicKeyToken=b03f5f7f11d50a3a" className="TestSuite.Framework.NetworkTopologyTest, TestSuite, Version=1.0.0.0, Culture=neutral, PublicKeyToken=null" name="ToStringTest" />
    </UnitTest>
    <UnitTest name="TrainingIterationsTest" storage="c:\development projects\enn\testsuite\bin\debug\testsuite.dll" id="c598b3e8-9ef4-dda5-2cbb-7eb6dc003da3">
      <Execution id="12bd0529-f7a0-4377-b4d1-dbaf5f38c390" />
      <TestMethod codeBase="C:/Development Projects/ENN/TestSuite/bin/Debug/TestSuite.DLL" adapterTypeName="Microsoft.VisualStudio.TestTools.TestTypes.Unit.UnitTestAdapter, Microsoft.VisualStudio.QualityTools.Tips.UnitTest.Adapter, Version=10.0.0.0, Culture=neutral, PublicKeyToken=b03f5f7f11d50a3a" className="TestSuite.Framework.NetworkSettingsTest, TestSuite, Version=1.0.0.0, Culture=neutral, PublicKeyToken=null" name="TrainingIterationsTest" />
    </UnitTest>
    <UnitTest name="SaveLoadBinary" storage="c:\development projects\enn\testsuite\bin\debug\testsuite.dll" id="b956f179-a280-645c-1bae-ce922e14d496">
      <Execution id="fc1ceb14-8600-4ddc-ac85-05ed7c48eecd" />
      <TestMethod codeBase="C:/Development Projects/ENN/TestSuite/bin/Debug/TestSuite.DLL" adapterTypeName="Microsoft.VisualStudio.TestTools.TestTypes.Unit.UnitTestAdapter, Microsoft.VisualStudio.QualityTools.Tips.UnitTest.Adapter, Version=10.0.0.0, Culture=neutral, PublicKeyToken=b03f5f7f11d50a3a" className="TestSuite.Framework.Tools.SettingsTest, TestSuite, Version=1.0.0.0, Culture=neutral, PublicKeyToken=null" name="SaveLoadBinary" />
    </UnitTest>
    <UnitTest name="DefaultHiddenLayerTest" storage="c:\development projects\enn\testsuite\bin\debug\testsuite.dll" id="37a9f4d0-d84b-2633-12b6-49d19baece9d">
      <Execution id="8a9ed745-605b-41d5-8a86-b1638d1729c6" />
      <TestMethod codeBase="C:/Development Projects/ENN/TestSuite/bin/Debug/TestSuite.DLL" adapterTypeName="Microsoft.VisualStudio.TestTools.TestTypes.Unit.UnitTestAdapter, Microsoft.VisualStudio.QualityTools.Tips.UnitTest.Adapter, Version=10.0.0.0, Culture=neutral, PublicKeyToken=b03f5f7f11d50a3a" className="TestSuite.Framework.NetworkSettingsTest, TestSuite, Version=1.0.0.0, Culture=neutral, PublicKeyToken=null" name="DefaultHiddenLayerTest" />
    </UnitTest>
    <UnitTest name="InputLayerTest" storage="c:\development projects\enn\testsuite\bin\debug\testsuite.dll" id="aff7f15c-9745-8d57-d62e-e6de87a6f68c">
      <Execution id="eb49099d-4d91-4ecc-8555-946fa5ecbcbf" />
      <TestMethod codeBase="C:/Development Projects/ENN/TestSuite/bin/Debug/TestSuite.DLL" adapterTypeName="Microsoft.VisualStudio.TestTools.TestTypes.Unit.UnitTestAdapter, Microsoft.VisualStudio.QualityTools.Tips.UnitTest.Adapter, Version=10.0.0.0, Culture=neutral, PublicKeyToken=b03f5f7f11d50a3a" className="TestSuite.Framework.NetworkTopologyTest, TestSuite, Version=1.0.0.0, Culture=neutral, PublicKeyToken=null" name="InputLayerTest" />
    </UnitTest>
    <UnitTest name="EqualsTest" storage="c:\development projects\enn\testsuite\bin\debug\testsuite.dll" id="18a77028-9543-64bf-e55c-fd2f334a9adb">
      <Execution id="4a4be07d-5c9a-4d13-8039-45fcc4afc720" />
      <TestMethod codeBase="C:/Development Projects/ENN/TestSuite/bin/Debug/TestSuite.DLL" adapterTypeName="Microsoft.VisualStudio.TestTools.TestTypes.Unit.UnitTestAdapter, Microsoft.VisualStudio.QualityTools.Tips.UnitTest.Adapter, Version=10.0.0.0, Culture=neutral, PublicKeyToken=b03f5f7f11d50a3a" className="TestSuite.Framework.BasicNodeTest, TestSuite, Version=1.0.0.0, Culture=neutral, PublicKeyToken=null" name="EqualsTest" />
    </UnitTest>
    <UnitTest name="NeuralNetworkConstructorTest" storage="c:\development projects\enn\testsuite\bin\debug\testsuite.dll" id="cf73ff44-a6c5-1e64-628c-f9b7f15247dd">
      <Execution id="21a4fd02-427d-4457-8d52-cc53e6810a51" />
      <TestMethod codeBase="C:/Development Projects/ENN/TestSuite/bin/Debug/TestSuite.DLL" adapterTypeName="Microsoft.VisualStudio.TestTools.TestTypes.Unit.UnitTestAdapter, Microsoft.VisualStudio.QualityTools.Tips.UnitTest.Adapter, Version=10.0.0.0, Culture=neutral, PublicKeyToken=b03f5f7f11d50a3a" className="TestSuite.Framework.NeuralNetworkTest, TestSuite, Version=1.0.0.0, Culture=neutral, PublicKeyToken=null" name="NeuralNetworkConstructorTest" />
    </UnitTest>
    <UnitTest name="EqualsTest" storage="c:\development projects\enn\testsuite\bin\debug\testsuite.dll" id="304bcf55-bb27-4a03-1c77-ecdeae3bc051">
      <Execution id="b38a09b8-e267-411e-b92e-56d9ee3ffeaf" />
      <TestMethod codeBase="C:/Development Projects/ENN/TestSuite/bin/Debug/TestSuite.DLL" adapterTypeName="Microsoft.VisualStudio.TestTools.TestTypes.Unit.UnitTestAdapter, Microsoft.VisualStudio.QualityTools.Tips.UnitTest.Adapter, Version=10.0.0.0, Culture=neutral, PublicKeyToken=b03f5f7f11d50a3a" className="TestSuite.Framework.BasicInputLayerTest, TestSuite, Version=1.0.0.0, Culture=neutral, PublicKeyToken=null" name="EqualsTest" />
    </UnitTest>
    <UnitTest name="TrainNetworkTest" storage="c:\development projects\enn\testsuite\bin\debug\testsuite.dll" id="583e1b08-512f-1567-2515-8af7db8880c1">
      <Execution id="3f72d534-a6bb-4edb-9b88-bc567b5725b6" />
      <TestMethod codeBase="C:/Development Projects/ENN/TestSuite/bin/Debug/TestSuite.DLL" adapterTypeName="Microsoft.VisualStudio.TestTools.TestTypes.Unit.UnitTestAdapter, Microsoft.VisualStudio.QualityTools.Tips.UnitTest.Adapter, Version=10.0.0.0, Culture=neutral, PublicKeyToken=b03f5f7f11d50a3a" className="TestSuite.Framework.NeuralNetworkTest, TestSuite, Version=1.0.0.0, Culture=neutral, PublicKeyToken=null" name="TrainNetworkTest" />
    </UnitTest>
    <UnitTest name="GetValuesTest" storage="c:\development projects\enn\testsuite\bin\debug\testsuite.dll" id="919fcb5c-9129-e4af-6da8-58234650b9d0">
      <Execution id="a4629318-e4e5-4b3f-ab2c-ea4bbcbc66a2" />
      <TestMethod codeBase="C:/Development Projects/ENN/TestSuite/bin/Debug/TestSuite.DLL" adapterTypeName="Microsoft.VisualStudio.TestTools.TestTypes.Unit.UnitTestAdapter, Microsoft.VisualStudio.QualityTools.Tips.UnitTest.Adapter, Version=10.0.0.0, Culture=neutral, PublicKeyToken=b03f5f7f11d50a3a" className="TestSuite.Framework.BasicInputLayerTest, TestSuite, Version=1.0.0.0, Culture=neutral, PublicKeyToken=null" name="GetValuesTest" />
    </UnitTest>
    <UnitTest name="TraininPoolTest" storage="c:\development projects\enn\testsuite\bin\debug\testsuite.dll" id="27e69bba-5d02-273a-8090-be69ec325e3e">
      <Execution id="7dc798e7-e217-47f6-b816-0770debd0a03" />
      <TestMethod codeBase="C:/Development Projects/ENN/TestSuite/bin/Debug/TestSuite.DLL" adapterTypeName="Microsoft.VisualStudio.TestTools.TestTypes.Unit.UnitTestAdapter, Microsoft.VisualStudio.QualityTools.Tips.UnitTest.Adapter, Version=10.0.0.0, Culture=neutral, PublicKeyToken=b03f5f7f11d50a3a" className="TestSuite.Framework.NetworkSettingsTest, TestSuite, Version=1.0.0.0, Culture=neutral, PublicKeyToken=null" name="TraininPoolTest" />
    </UnitTest>
    <UnitTest name="CreateUserObjectTest" storage="c:\development projects\enn\testsuite\bin\debug\testsuite.dll" id="86183e70-5869-ac26-e602-fe6fdc8564f6">
      <DeploymentItems>
        <DeploymentItem filename="ENN.Framework.dll" />
      </DeploymentItems>
      <Execution id="86c48c7b-d522-48b6-9e18-ffd070852208" />
      <TestMethod codeBase="C:/Development Projects/ENN/TestSuite/bin/Debug/TestSuite.DLL" adapterTypeName="Microsoft.VisualStudio.TestTools.TestTypes.Unit.UnitTestAdapter, Microsoft.VisualStudio.QualityTools.Tips.UnitTest.Adapter, Version=10.0.0.0, Culture=neutral, PublicKeyToken=b03f5f7f11d50a3a" className="TestSuite.Framework.StandLibFactoryTest, TestSuite, Version=1.0.0.0, Culture=neutral, PublicKeyToken=null" name="CreateUserObjectTest" />
    </UnitTest>
    <UnitTest name="WeightsTest" storage="c:\development projects\enn\testsuite\bin\debug\testsuite.dll" id="75f6c7d5-9e5a-8f55-82e3-7c8fe7e13944">
      <Execution id="ada1a75c-d2f1-41d4-9ee9-096023de10c4" />
      <TestMethod codeBase="C:/Development Projects/ENN/TestSuite/bin/Debug/TestSuite.DLL" adapterTypeName="Microsoft.VisualStudio.TestTools.TestTypes.Unit.UnitTestAdapter, Microsoft.VisualStudio.QualityTools.Tips.UnitTest.Adapter, Version=10.0.0.0, Culture=neutral, PublicKeyToken=b03f5f7f11d50a3a" className="TestSuite.Framework.BasicNodeTest, TestSuite, Version=1.0.0.0, Culture=neutral, PublicKeyToken=null" name="WeightsTest" />
    </UnitTest>
    <UnitTest name="EqualsTest" storage="c:\development projects\enn\testsuite\bin\debug\testsuite.dll" id="5577bcbe-3b62-1f0a-eed4-fd75c6d9137e">
      <Execution id="395f3ceb-b1c0-4e18-ad0a-41a0246a6036" />
      <TestMethod codeBase="C:/Development Projects/ENN/TestSuite/bin/Debug/TestSuite.DLL" adapterTypeName="Microsoft.VisualStudio.TestTools.TestTypes.Unit.UnitTestAdapter, Microsoft.VisualStudio.QualityTools.Tips.UnitTest.Adapter, Version=10.0.0.0, Culture=neutral, PublicKeyToken=b03f5f7f11d50a3a" className="TestSuite.Framework.NetworkSettingsTest, TestSuite, Version=1.0.0.0, Culture=neutral, PublicKeyToken=null" name="EqualsTest" />
    </UnitTest>
    <UnitTest name="DefaultInputLayerTest" storage="c:\development projects\enn\testsuite\bin\debug\testsuite.dll" id="18bf7b2a-4736-099f-9f87-d6165f9a1d8f">
      <Execution id="661dc9fd-13e8-42d6-b391-7957002c379f" />
      <TestMethod codeBase="C:/Development Projects/ENN/TestSuite/bin/Debug/TestSuite.DLL" adapterTypeName="Microsoft.VisualStudio.TestTools.TestTypes.Unit.UnitTestAdapter, Microsoft.VisualStudio.QualityTools.Tips.UnitTest.Adapter, Version=10.0.0.0, Culture=neutral, PublicKeyToken=b03f5f7f11d50a3a" className="TestSuite.Framework.NetworkSettingsTest, TestSuite, Version=1.0.0.0, Culture=neutral, PublicKeyToken=null" name="DefaultInputLayerTest" />
    </UnitTest>
    <UnitTest name="SimpleAlgebraTest" storage="c:\development projects\enn\testsuite\bin\debug\testsuite.dll" id="56dba6eb-083e-0230-0e94-72afb7f4ca1f">
      <Execution id="122cdb93-d017-4e83-8c97-68100e026649" />
      <TestMethod codeBase="C:/Development Projects/ENN/TestSuite/bin/Debug/TestSuite.DLL" adapterTypeName="Microsoft.VisualStudio.TestTools.TestTypes.Unit.UnitTestAdapter, Microsoft.VisualStudio.QualityTools.Tips.UnitTest.Adapter, Version=10.0.0.0, Culture=neutral, PublicKeyToken=b03f5f7f11d50a3a" className="TestSuite.Framework.SigmoidFunctionsTest, TestSuite, Version=1.0.0.0, Culture=neutral, PublicKeyToken=null" name="SimpleAlgebraTest" />
    </UnitTest>
    <UnitTest name="MetaDataTest" storage="c:\development projects\enn\testsuite\bin\debug\testsuite.dll" id="f8957ebd-9c0b-9da1-0906-83765d4b5fea">
      <Execution id="5622bb17-6b01-416d-a921-5cf53916c7bd" />
      <TestMethod codeBase="C:/Development Projects/ENN/TestSuite/bin/Debug/TestSuite.DLL" adapterTypeName="Microsoft.VisualStudio.TestTools.TestTypes.Unit.UnitTestAdapter, Microsoft.VisualStudio.QualityTools.Tips.UnitTest.Adapter, Version=10.0.0.0, Culture=neutral, PublicKeyToken=b03f5f7f11d50a3a" className="TestSuite.Framework.BasicNodeTest, TestSuite, Version=1.0.0.0, Culture=neutral, PublicKeyToken=null" name="MetaDataTest" />
    </UnitTest>
  </TestDefinitions>
  <TestLists>
    <TestList name="Results Not in a List" id="8c84fa94-04c1-424b-9868-57a2d4851a1d" />
    <TestList name="All Loaded Results" id="19431567-8539-422a-85d7-44ee4e166bda" />
  </TestLists>
  <TestEntries>
    <TestEntry testId="020f297e-a2c1-3a64-4acc-60c7b6d21770" executionId="d39cddb1-0f9b-48c8-bdfa-2ad4b6dc3ff9" testListId="8c84fa94-04c1-424b-9868-57a2d4851a1d" />
    <TestEntry testId="07b21b41-3269-6cca-bc3e-6dc3a61f0299" executionId="12e8c8bb-7c41-4779-a032-b7f7631abf7f" testListId="8c84fa94-04c1-424b-9868-57a2d4851a1d" />
    <TestEntry testId="18a77028-9543-64bf-e55c-fd2f334a9adb" executionId="4a4be07d-5c9a-4d13-8039-45fcc4afc720" testListId="8c84fa94-04c1-424b-9868-57a2d4851a1d" />
    <TestEntry testId="18bf7b2a-4736-099f-9f87-d6165f9a1d8f" executionId="661dc9fd-13e8-42d6-b391-7957002c379f" testListId="8c84fa94-04c1-424b-9868-57a2d4851a1d" />
    <TestEntry testId="1b724367-d2c1-3107-fa6a-cfdd80613097" executionId="90e455c4-2733-462e-87da-feabc7a910a6" testListId="8c84fa94-04c1-424b-9868-57a2d4851a1d" />
    <TestEntry testId="1f504a14-9109-8935-fb3d-3e0cc9acaced" executionId="ff6f723f-576b-42c9-8a20-0afd0a6f760d" testListId="8c84fa94-04c1-424b-9868-57a2d4851a1d" />
    <TestEntry testId="27e69bba-5d02-273a-8090-be69ec325e3e" executionId="7dc798e7-e217-47f6-b816-0770debd0a03" testListId="8c84fa94-04c1-424b-9868-57a2d4851a1d" />
    <TestEntry testId="2b901e5f-9814-1f85-ba74-9596bce4ae77" executionId="453e6e47-a33b-467f-92df-41ff2e139d40" testListId="8c84fa94-04c1-424b-9868-57a2d4851a1d" />
    <TestEntry testId="2c89c367-a74f-da41-08f4-450946228133" executionId="90606d00-d4f2-46cf-aef6-4c286d6076c1" testListId="8c84fa94-04c1-424b-9868-57a2d4851a1d" />
    <TestEntry testId="304bcf55-bb27-4a03-1c77-ecdeae3bc051" executionId="b38a09b8-e267-411e-b92e-56d9ee3ffeaf" testListId="8c84fa94-04c1-424b-9868-57a2d4851a1d" />
    <TestEntry testId="349f5a51-cd4a-74bd-4680-47d19c2c213f" executionId="74c0b3ed-1643-461b-9fba-d452d0cfb072" testListId="8c84fa94-04c1-424b-9868-57a2d4851a1d" />
    <TestEntry testId="357b4346-32ed-acf9-652d-d83b6fab665a" executionId="06062776-1c06-4fde-8a23-83903e2a7524" testListId="8c84fa94-04c1-424b-9868-57a2d4851a1d" />
    <TestEntry testId="37a9f4d0-d84b-2633-12b6-49d19baece9d" executionId="8a9ed745-605b-41d5-8a86-b1638d1729c6" testListId="8c84fa94-04c1-424b-9868-57a2d4851a1d" />
    <TestEntry testId="38c45ed0-2293-3c74-f641-ef31e1cff933" executionId="86523274-f6e8-4069-99aa-8c61cc3d79cc" testListId="8c84fa94-04c1-424b-9868-57a2d4851a1d" />
    <TestEntry testId="3c3ed5b7-5e6a-8138-0b65-4fd13679f387" executionId="48489362-e0f9-482a-8cee-1f81fa601f01" testListId="8c84fa94-04c1-424b-9868-57a2d4851a1d" />
    <TestEntry testId="3c9d6005-6c63-77c2-b4e0-1c2eb9238c86" executionId="b920b878-4522-495f-8aab-e3edd6211a01" testListId="8c84fa94-04c1-424b-9868-57a2d4851a1d" />
    <TestEntry testId="41c561ac-f514-03ed-4f2e-66225ee0a9b3" executionId="2fbbf12c-1fae-4fae-be38-b751042fcec0" testListId="8c84fa94-04c1-424b-9868-57a2d4851a1d" />
    <TestEntry testId="430f1830-9fb9-6f5a-5bbd-8746f440b9db" executionId="bc570307-46f5-43a9-8294-d45bdd6d3a0e" testListId="8c84fa94-04c1-424b-9868-57a2d4851a1d" />
    <TestEntry testId="47b48568-fe23-aa9f-4797-84c392c55991" executionId="183e8f4f-c372-4c88-ace1-b971b6f3d377" testListId="8c84fa94-04c1-424b-9868-57a2d4851a1d" />
    <TestEntry testId="49de5b48-9eaf-d0db-f8b0-e44b0098530f" executionId="ee95a433-fa27-4362-a3b2-c5598eaf8615" testListId="8c84fa94-04c1-424b-9868-57a2d4851a1d" />
    <TestEntry testId="4d46c574-4e3e-c892-575b-4964cedc723f" executionId="4e4184df-7612-4bb4-b34c-af4e639b9634" testListId="8c84fa94-04c1-424b-9868-57a2d4851a1d" />
    <TestEntry testId="53c97187-29f3-3a29-3a8c-67e2258754c3" executionId="d28e8c5f-3bd0-4848-bde6-450512fcfbb5" testListId="8c84fa94-04c1-424b-9868-57a2d4851a1d" />
    <TestEntry testId="54ea49d7-872c-276b-d1ac-f03e032aae87" executionId="4d7ab40f-a679-4122-9dd8-e0aafc994deb" testListId="8c84fa94-04c1-424b-9868-57a2d4851a1d" />
    <TestEntry testId="5577bcbe-3b62-1f0a-eed4-fd75c6d9137e" executionId="395f3ceb-b1c0-4e18-ad0a-41a0246a6036" testListId="8c84fa94-04c1-424b-9868-57a2d4851a1d" />
    <TestEntry testId="56dba6eb-083e-0230-0e94-72afb7f4ca1f" executionId="122cdb93-d017-4e83-8c97-68100e026649" testListId="8c84fa94-04c1-424b-9868-57a2d4851a1d" />
    <TestEntry testId="573b324d-2394-0284-242e-658089f98732" executionId="8e08364d-0902-4153-87f6-1b566bb14a13" testListId="8c84fa94-04c1-424b-9868-57a2d4851a1d" />
    <TestEntry testId="583e1b08-512f-1567-2515-8af7db8880c1" executionId="3f72d534-a6bb-4edb-9b88-bc567b5725b6" testListId="8c84fa94-04c1-424b-9868-57a2d4851a1d" />
    <TestEntry testId="604a034f-362e-5faa-f734-caee2f5177cf" executionId="7ac5a0ec-9716-415c-921c-2da072e3e06c" testListId="8c84fa94-04c1-424b-9868-57a2d4851a1d" />
    <TestEntry testId="680a45b5-4f49-a5c2-34cb-d26f2ad2185b" executionId="0c6a075b-d061-47fd-9494-a8ede7239896" testListId="8c84fa94-04c1-424b-9868-57a2d4851a1d" />
    <TestEntry testId="6a52bd04-93c0-3f97-3dd3-da1b2d4c5d7d" executionId="1401c979-a94d-4394-90a0-fc5c54af30dd" testListId="8c84fa94-04c1-424b-9868-57a2d4851a1d" />
    <TestEntry testId="6c48ec72-9487-035f-80b3-d8b19112a2d9" executionId="28bf48da-02c4-4b39-aade-74ab9a7bb7d8" testListId="8c84fa94-04c1-424b-9868-57a2d4851a1d" />
    <TestEntry testId="6d9bec79-b5da-bc4a-5a65-b5aeaeb99bc5" executionId="3f07749c-a28e-48cf-b579-0ba7488eee4b" testListId="8c84fa94-04c1-424b-9868-57a2d4851a1d" />
    <TestEntry testId="75f6c7d5-9e5a-8f55-82e3-7c8fe7e13944" executionId="ada1a75c-d2f1-41d4-9ee9-096023de10c4" testListId="8c84fa94-04c1-424b-9868-57a2d4851a1d" />
    <TestEntry testId="7d8ab741-01d2-0d2d-1e29-c0fcb83101fd" executionId="45392441-db4a-463a-ba72-2140517572a8" testListId="8c84fa94-04c1-424b-9868-57a2d4851a1d" />
    <TestEntry testId="7ddb6d66-d4cc-b85e-ceb4-dacdc7709908" executionId="45744a24-fd77-4e1f-ac18-bdd370b4f198" testListId="8c84fa94-04c1-424b-9868-57a2d4851a1d" />
    <TestEntry testId="814adc11-a284-0739-1c15-5af3c44473d8" executionId="50170f91-fa7c-4769-b2ce-dc80e6c678b7" testListId="8c84fa94-04c1-424b-9868-57a2d4851a1d" />
    <TestEntry testId="855130ce-84bf-1161-1eee-aae8000252b2" executionId="0de7ec10-3e39-498a-880b-3f5fa4ffe591" testListId="8c84fa94-04c1-424b-9868-57a2d4851a1d" />
    <TestEntry testId="86183e70-5869-ac26-e602-fe6fdc8564f6" executionId="86c48c7b-d522-48b6-9e18-ffd070852208" testListId="8c84fa94-04c1-424b-9868-57a2d4851a1d" />
    <TestEntry testId="895e1ad2-9637-1929-bdca-2e13d6ecdf33" executionId="ad794049-f111-4cf9-9db9-a4f2a9e2e572" testListId="8c84fa94-04c1-424b-9868-57a2d4851a1d" />
    <TestEntry testId="8c397046-78ee-c33d-3e4c-44a5719d553d" executionId="829ff9d7-9e03-4ee5-a788-6d2df7040d91" testListId="8c84fa94-04c1-424b-9868-57a2d4851a1d" />
    <TestEntry testId="8de660a6-a5b4-4a08-e168-84d6a8847c2d" executionId="586cf74b-84e2-41e7-ab09-e95236c9b775" testListId="8c84fa94-04c1-424b-9868-57a2d4851a1d" />
    <TestEntry testId="8fa4a54a-bae6-94d8-d573-1647c12d4824" executionId="117b872c-932d-4364-8caf-2632cf93afaa" testListId="8c84fa94-04c1-424b-9868-57a2d4851a1d" />
    <TestEntry testId="90d4d793-c175-7e4f-a953-2c15482e9127" executionId="f21a6a73-a8f4-4fae-b1e2-5a72446fdd92" testListId="8c84fa94-04c1-424b-9868-57a2d4851a1d" />
    <TestEntry testId="919fcb5c-9129-e4af-6da8-58234650b9d0" executionId="a4629318-e4e5-4b3f-ab2c-ea4bbcbc66a2" testListId="8c84fa94-04c1-424b-9868-57a2d4851a1d" />
    <TestEntry testId="99f0b5b4-0a2a-3205-9152-e1a3e644b886" executionId="e63e532b-b769-4d93-935b-264aa4d0cdb1" testListId="8c84fa94-04c1-424b-9868-57a2d4851a1d" />
    <TestEntry testId="a1ceb0d7-e762-54e4-c7d1-02628c8188ab" executionId="fee3cec7-cf04-4188-98de-a94e1c875f1a" testListId="8c84fa94-04c1-424b-9868-57a2d4851a1d" />
    <TestEntry testId="a8823d1a-dea7-22d8-3b80-cec046111d72" executionId="01ea7581-2c25-4807-a2f0-8c51f0ace202" testListId="8c84fa94-04c1-424b-9868-57a2d4851a1d" />
    <TestEntry testId="aff7f15c-9745-8d57-d62e-e6de87a6f68c" executionId="eb49099d-4d91-4ecc-8555-946fa5ecbcbf" testListId="8c84fa94-04c1-424b-9868-57a2d4851a1d" />
    <TestEntry testId="b4ff2759-93e7-a8a5-d6b3-d10da4893f5a" executionId="98a95024-fbcf-4b65-b3d7-6fd8cdfaa488" testListId="8c84fa94-04c1-424b-9868-57a2d4851a1d" />
    <TestEntry testId="b5ae595f-7dca-73d7-1bda-f09e7ea52bd4" executionId="eb84a043-b1a7-4971-97c6-428f181eaadd" testListId="8c84fa94-04c1-424b-9868-57a2d4851a1d" />
    <TestEntry testId="b5af2dd1-ef3f-eec7-b120-54c52453cde4" executionId="6336beae-742f-48a3-be31-15570820efe2" testListId="8c84fa94-04c1-424b-9868-57a2d4851a1d" />
    <TestEntry testId="b5e3a755-a2ab-152d-aa80-c4911fd65e0b" executionId="3c59e88b-21e7-481b-8787-984361313d0b" testListId="8c84fa94-04c1-424b-9868-57a2d4851a1d" />
    <TestEntry testId="b6e27dc1-3f73-d482-30bb-5034e06d0f49" executionId="cfa07695-737a-4e05-87b7-f8faa427a5a7" testListId="8c84fa94-04c1-424b-9868-57a2d4851a1d" />
    <TestEntry testId="b956f179-a280-645c-1bae-ce922e14d496" executionId="fc1ceb14-8600-4ddc-ac85-05ed7c48eecd" testListId="8c84fa94-04c1-424b-9868-57a2d4851a1d" />
    <TestEntry testId="ba1cb5ab-f487-d922-92d1-b5c0b8d6512f" executionId="95513d9f-3bec-4446-b7b1-b20d24bae753" testListId="8c84fa94-04c1-424b-9868-57a2d4851a1d" />
    <TestEntry testId="bd6134f3-8c29-55c3-d0c7-c2fb216d01d4" executionId="bebabd12-3fa1-4ff7-b832-a9702ea28aa5" testListId="8c84fa94-04c1-424b-9868-57a2d4851a1d" />
    <TestEntry testId="c598b3e8-9ef4-dda5-2cbb-7eb6dc003da3" executionId="12bd0529-f7a0-4377-b4d1-dbaf5f38c390" testListId="8c84fa94-04c1-424b-9868-57a2d4851a1d" />
    <TestEntry testId="ca9b7ca8-ec0a-3d74-80eb-bb3fce3380f1" executionId="869ff182-5b7e-4199-af50-c5249de9de29" testListId="8c84fa94-04c1-424b-9868-57a2d4851a1d" />
    <TestEntry testId="cf73ff44-a6c5-1e64-628c-f9b7f15247dd" executionId="21a4fd02-427d-4457-8d52-cc53e6810a51" testListId="8c84fa94-04c1-424b-9868-57a2d4851a1d" />
    <TestEntry testId="d1aa1e04-5762-55e7-0a3f-f25ed3746b8e" executionId="c6135dd5-2925-4c81-b99e-7c7e7ac99956" testListId="8c84fa94-04c1-424b-9868-57a2d4851a1d" />
    <TestEntry testId="d60f0c70-680a-f2a7-be96-723443b7d4dc" executionId="dcb9a9fc-f9f7-4867-b4ea-87750e7b3a13" testListId="8c84fa94-04c1-424b-9868-57a2d4851a1d" />
    <TestEntry testId="d7de268d-ad00-3d1a-9ef6-c7d7c6d2c881" executionId="474a0c23-1951-46a3-9904-208bfd598711" testListId="8c84fa94-04c1-424b-9868-57a2d4851a1d" />
    <TestEntry testId="dc7516d4-ea11-52ea-592a-675e802b27f3" executionId="9cb97cb8-ca51-4174-9ae3-b406a09aa00e" testListId="8c84fa94-04c1-424b-9868-57a2d4851a1d" />
    <TestEntry testId="e000e601-a400-b77b-7cbe-e16a1fb8bf43" executionId="9768e952-64fd-4d52-b333-645560791c6a" testListId="8c84fa94-04c1-424b-9868-57a2d4851a1d" />
    <TestEntry testId="e28af217-9e05-374a-b589-3e0e31013f06" executionId="919080a0-9632-4842-a786-501d3ef857ad" testListId="8c84fa94-04c1-424b-9868-57a2d4851a1d" />
    <TestEntry testId="ea95e44c-ad70-2fd7-0521-02dea5e03db6" executionId="cbf6aa8c-da47-42e6-857b-4cace80138bf" testListId="8c84fa94-04c1-424b-9868-57a2d4851a1d" />
    <TestEntry testId="ed6cbf7c-1892-3c38-82a7-ffa09ec69e5a" executionId="4ef8798d-16f2-4a57-9588-0dcbfe7b84ff" testListId="8c84fa94-04c1-424b-9868-57a2d4851a1d" />
    <TestEntry testId="f053d416-9380-8069-ef40-6a7789ba8040" executionId="2db138ba-f202-4fbb-a869-a6ceb5b8eb42" testListId="8c84fa94-04c1-424b-9868-57a2d4851a1d" />
    <TestEntry testId="f1ce82b4-23b4-e9e2-a855-4dfbf8340573" executionId="058bc206-b1a8-4c81-b38a-2c5fe399de66" testListId="8c84fa94-04c1-424b-9868-57a2d4851a1d" />
    <TestEntry testId="f8957ebd-9c0b-9da1-0906-83765d4b5fea" executionId="5622bb17-6b01-416d-a921-5cf53916c7bd" testListId="8c84fa94-04c1-424b-9868-57a2d4851a1d" />
  </TestEntries>
  <Results>
    <UnitTestResult executionId="d39cddb1-0f9b-48c8-bdfa-2ad4b6dc3ff9" testId="020f297e-a2c1-3a64-4acc-60c7b6d21770" testName="EqualsTest" computerName="LIL-MONEY-PIT" duration="00:00:09.6301170" startTime="2012-02-21T16:42:08.0595186-05:00" endTime="2012-02-21T16:42:18.6861264-05:00" testType="13cdc9d9-ddb5-4fa4-a97d-d965ccfc6d4b" outcome="Inconclusive" testListId="8c84fa94-04c1-424b-9868-57a2d4851a1d" relativeResultsDirectory="d39cddb1-0f9b-48c8-bdfa-2ad4b6dc3ff9">
      <Output>
        <ErrorInfo>
          <Message>Assert.Inconclusive failed. Verify the correctness of this test method.</Message>
          <StackTrace>   at TestSuite.Framework.CustomizableNodeTest.EqualsTest() in C:\Development Projects\ENN\TestSuite\Framework\Nodes\CustomizableNodeTest.cs:line 43
</StackTrace>
        </ErrorInfo>
      </Output>
    </UnitTestResult>
    <UnitTestResult executionId="12e8c8bb-7c41-4779-a032-b7f7631abf7f" testId="07b21b41-3269-6cca-bc3e-6dc3a61f0299" testName="BasicLayerConstructorTest" computerName="LIL-MONEY-PIT" duration="00:00:01.1513634" startTime="2012-02-21T16:42:18.7301289-05:00" endTime="2012-02-21T16:42:19.8901953-05:00" testType="13cdc9d9-ddb5-4fa4-a97d-d965ccfc6d4b" outcome="Inconclusive" testListId="8c84fa94-04c1-424b-9868-57a2d4851a1d" relativeResultsDirectory="12e8c8bb-7c41-4779-a032-b7f7631abf7f">
      <Output>
        <ErrorInfo>
          <Message>Assert.Inconclusive failed. TODO: Implement code to verify target</Message>
          <StackTrace>   at TestSuite.Framework.BasicLayerTest.BasicLayerConstructorTest() in C:\Development Projects\ENN\TestSuite\Framework\Layers\BasicLayerTest.cs:line 38
</StackTrace>
        </ErrorInfo>
      </Output>
    </UnitTestResult>
    <UnitTestResult executionId="4a4be07d-5c9a-4d13-8039-45fcc4afc720" testId="18a77028-9543-64bf-e55c-fd2f334a9adb" testName="EqualsTest" computerName="LIL-MONEY-PIT" duration="00:00:00.9228542" startTime="2012-02-21T16:42:19.9111965-05:00" endTime="2012-02-21T16:42:20.8422497-05:00" testType="13cdc9d9-ddb5-4fa4-a97d-d965ccfc6d4b" outcome="Failed" testListId="8c84fa94-04c1-424b-9868-57a2d4851a1d" relativeResultsDirectory="4a4be07d-5c9a-4d13-8039-45fcc4afc720">
      <Output>
        <ErrorInfo>
          <Message>Test method TestSuite.Framework.BasicNodeTest.EqualsTest threw exception: 
System.NullReferenceException: Object reference not set to an instance of an object.</Message>
          <StackTrace>    at ENN.Framework.BasicNode.set_Weights(Single[] value) in C:\Development Projects\ENN\ENN.Framework\Nodes\BasicNode.cs:line 57
   at TestSuite.Framework.BasicNodeTest.EqualsTest() in C:\Development Projects\ENN\TestSuite\Framework\Nodes\BasicNodeTest.cs:line 37
</StackTrace>
        </ErrorInfo>
      </Output>
    </UnitTestResult>
    <UnitTestResult executionId="661dc9fd-13e8-42d6-b391-7957002c379f" testId="18bf7b2a-4736-099f-9f87-d6165f9a1d8f" testName="DefaultInputLayerTest" computerName="LIL-MONEY-PIT" duration="00:00:03.1366738" startTime="2012-02-21T16:42:20.8532504-05:00" endTime="2012-02-21T16:42:23.9974302-05:00" testType="13cdc9d9-ddb5-4fa4-a97d-d965ccfc6d4b" outcome="Inconclusive" testListId="8c84fa94-04c1-424b-9868-57a2d4851a1d" relativeResultsDirectory="661dc9fd-13e8-42d6-b391-7957002c379f">
      <Output>
        <ErrorInfo>
          <Message>Assert.Inconclusive failed. Verify the correctness of this test method.</Message>
          <StackTrace>   at TestSuite.Framework.NetworkSettingsTest.DefaultInputLayerTest() in C:\Development Projects\ENN\TestSuite\Framework\NetworkSettingsTest.cs:line 164
</StackTrace>
        </ErrorInfo>
      </Output>
    </UnitTestResult>
    <UnitTestResult executionId="90e455c4-2733-462e-87da-feabc7a910a6" testId="1b724367-d2c1-3107-fa6a-cfdd80613097" testName="PreProcessorTest" computerName="LIL-MONEY-PIT" duration="00:00:00.9823820" startTime="2012-02-21T16:42:24.0104309-05:00" endTime="2012-02-21T16:42:24.9994875-05:00" testType="13cdc9d9-ddb5-4fa4-a97d-d965ccfc6d4b" outcome="Inconclusive" testListId="8c84fa94-04c1-424b-9868-57a2d4851a1d" relativeResultsDirectory="90e455c4-2733-462e-87da-feabc7a910a6">
      <Output>
        <ErrorInfo>
          <Message>Assert.Inconclusive failed. Verify the correctness of this test method.</Message>
          <StackTrace>   at TestSuite.Framework.NetworkTopologyTest.PreProcessorTest() in C:\Development Projects\ENN\TestSuite\Framework\NetworkTopologyTest.cs:line 209
</StackTrace>
        </ErrorInfo>
      </Output>
    </UnitTestResult>
    <UnitTestResult executionId="ff6f723f-576b-42c9-8a20-0afd0a6f760d" testId="1f504a14-9109-8935-fb3d-3e0cc9acaced" testName="TrainingAlgorithmTest" computerName="LIL-MONEY-PIT" duration="00:00:00.8647427" startTime="2012-02-21T16:42:25.0114882-05:00" endTime="2012-02-21T16:42:25.8845381-05:00" testType="13cdc9d9-ddb5-4fa4-a97d-d965ccfc6d4b" outcome="Inconclusive" testListId="8c84fa94-04c1-424b-9868-57a2d4851a1d" relativeResultsDirectory="ff6f723f-576b-42c9-8a20-0afd0a6f760d">
      <Output>
        <ErrorInfo>
          <Message>Assert.Inconclusive failed. Verify the correctness of this test method.</Message>
          <StackTrace>   at TestSuite.Framework.NetworkTopologyTest.TrainingAlgorithmTest() in C:\Development Projects\ENN\TestSuite\Framework\NetworkTopologyTest.cs:line 224
</StackTrace>
        </ErrorInfo>
      </Output>
    </UnitTestResult>
    <UnitTestResult executionId="7dc798e7-e217-47f6-b816-0770debd0a03" testId="27e69bba-5d02-273a-8090-be69ec325e3e" testName="TraininPoolTest" computerName="LIL-MONEY-PIT" duration="00:00:00.8340113" startTime="2012-02-21T16:42:25.8985389-05:00" endTime="2012-02-21T16:42:26.7405871-05:00" testType="13cdc9d9-ddb5-4fa4-a97d-d965ccfc6d4b" outcome="Inconclusive" testListId="8c84fa94-04c1-424b-9868-57a2d4851a1d" relativeResultsDirectory="7dc798e7-e217-47f6-b816-0770debd0a03">
      <Output>
        <ErrorInfo>
          <Message>Assert.Inconclusive failed. Verify the correctness of this test method.</Message>
          <StackTrace>   at TestSuite.Framework.NetworkSettingsTest.TraininPoolTest() in C:\Development Projects\ENN\TestSuite\Framework\NetworkSettingsTest.cs:line 269
</StackTrace>
        </ErrorInfo>
      </Output>
    </UnitTestResult>
    <UnitTestResult executionId="453e6e47-a33b-467f-92df-41ff2e139d40" testId="2b901e5f-9814-1f85-ba74-9596bce4ae77" testName="EnableTimingTest" computerName="LIL-MONEY-PIT" duration="00:00:00.8547550" startTime="2012-02-21T16:42:26.7505877-05:00" endTime="2012-02-21T16:42:27.6136370-05:00" testType="13cdc9d9-ddb5-4fa4-a97d-d965ccfc6d4b" outcome="Inconclusive" testListId="8c84fa94-04c1-424b-9868-57a2d4851a1d" relativeResultsDirectory="453e6e47-a33b-467f-92df-41ff2e139d40">
      <Output>
        <ErrorInfo>
          <Message>Assert.Inconclusive failed. Verify the correctness of this test method.</Message>
          <StackTrace>   at TestSuite.Framework.NetworkSettingsTest.EnableTimingTest() in C:\Development Projects\ENN\TestSuite\Framework\NetworkSettingsTest.cs:line 209
</StackTrace>
        </ErrorInfo>
      </Output>
    </UnitTestResult>
    <UnitTestResult executionId="90606d00-d4f2-46cf-aef6-4c286d6076c1" testId="2c89c367-a74f-da41-08f4-450946228133" testName="GeneralizedLogisticTest1" computerName="LIL-MONEY-PIT" duration="00:00:00.0011721" startTime="2012-02-21T16:42:27.6256377-05:00" endTime="2012-02-21T16:42:27.6326381-05:00" testType="13cdc9d9-ddb5-4fa4-a97d-d965ccfc6d4b" outcome="Passed" testListId="8c84fa94-04c1-424b-9868-57a2d4851a1d" relativeResultsDirectory="90606d00-d4f2-46cf-aef6-4c286d6076c1">
    </UnitTestResult>
    <UnitTestResult executionId="b38a09b8-e267-411e-b92e-56d9ee3ffeaf" testId="304bcf55-bb27-4a03-1c77-ecdeae3bc051" testName="EqualsTest" computerName="LIL-MONEY-PIT" duration="00:00:00.0020618" startTime="2012-02-21T16:42:27.6406386-05:00" endTime="2012-02-21T16:42:27.6516392-05:00" testType="13cdc9d9-ddb5-4fa4-a97d-d965ccfc6d4b" outcome="Passed" testListId="8c84fa94-04c1-424b-9868-57a2d4851a1d" relativeResultsDirectory="b38a09b8-e267-411e-b92e-56d9ee3ffeaf">
    </UnitTestResult>
    <UnitTestResult executionId="74c0b3ed-1643-461b-9fba-d452d0cfb072" testId="349f5a51-cd4a-74bd-4680-47d19c2c213f" testName="getCombinationFunctionTest" computerName="LIL-MONEY-PIT" duration="00:00:01.0171836" startTime="2012-02-21T16:42:27.6616398-05:00" endTime="2012-02-21T16:42:28.6856983-05:00" testType="13cdc9d9-ddb5-4fa4-a97d-d965ccfc6d4b" outcome="Failed" testListId="8c84fa94-04c1-424b-9868-57a2d4851a1d" relativeResultsDirectory="74c0b3ed-1643-461b-9fba-d452d0cfb072">
      <Output>
        <ErrorInfo>
          <Message>Assert.AreEqual failed. Expected:&lt;(null)&gt;. Actual:&lt;ENN.Framework.CombinationFunction&gt;. </Message>
          <StackTrace>   at TestSuite.Framework.StandLibFactoryTest.getCombinationFunctionTest() in C:\Development Projects\ENN\TestSuite\Framework\StandLibFactoryTest.cs:line 152
</StackTrace>
        </ErrorInfo>
      </Output>
    </UnitTestResult>
    <UnitTestResult executionId="06062776-1c06-4fde-8a23-83903e2a7524" testId="357b4346-32ed-acf9-652d-d83b6fab665a" testName="getActivationFunctionTest" computerName="LIL-MONEY-PIT" duration="00:00:00.9848007" startTime="2012-02-21T16:42:28.6976990-05:00" endTime="2012-02-21T16:42:29.6897558-05:00" testType="13cdc9d9-ddb5-4fa4-a97d-d965ccfc6d4b" outcome="Failed" testListId="8c84fa94-04c1-424b-9868-57a2d4851a1d" relativeResultsDirectory="06062776-1c06-4fde-8a23-83903e2a7524">
      <Output>
        <ErrorInfo>
          <Message>Assert.AreEqual failed. Expected:&lt;(null)&gt;. Actual:&lt;ENN.Framework.ActivationFunction&gt;. </Message>
          <StackTrace>   at TestSuite.Framework.StandLibFactoryTest.getActivationFunctionTest() in C:\Development Projects\ENN\TestSuite\Framework\StandLibFactoryTest.cs:line 138
</StackTrace>
        </ErrorInfo>
      </Output>
    </UnitTestResult>
    <UnitTestResult executionId="8a9ed745-605b-41d5-8a86-b1638d1729c6" testId="37a9f4d0-d84b-2633-12b6-49d19baece9d" testName="DefaultHiddenLayerTest" computerName="LIL-MONEY-PIT" duration="00:00:00.8188174" startTime="2012-02-21T16:42:29.7047566-05:00" endTime="2012-02-21T16:42:30.5318039-05:00" testType="13cdc9d9-ddb5-4fa4-a97d-d965ccfc6d4b" outcome="Inconclusive" testListId="8c84fa94-04c1-424b-9868-57a2d4851a1d" relativeResultsDirectory="8a9ed745-605b-41d5-8a86-b1638d1729c6">
      <Output>
        <ErrorInfo>
          <Message>Assert.Inconclusive failed. Verify the correctness of this test method.</Message>
          <StackTrace>   at TestSuite.Framework.NetworkSettingsTest.DefaultHiddenLayerTest() in C:\Development Projects\ENN\TestSuite\Framework\NetworkSettingsTest.cs:line 149
</StackTrace>
        </ErrorInfo>
      </Output>
    </UnitTestResult>
    <UnitTestResult executionId="86523274-f6e8-4069-99aa-8c61cc3d79cc" testId="38c45ed0-2293-3c74-f641-ef31e1cff933" testName="SaveLoadBinaryTest" computerName="LIL-MONEY-PIT" duration="00:00:00.0325453" startTime="2012-02-21T16:42:30.5718062-05:00" endTime="2012-02-21T16:42:30.6128086-05:00" testType="13cdc9d9-ddb5-4fa4-a97d-d965ccfc6d4b" outcome="Passed" testListId="8c84fa94-04c1-424b-9868-57a2d4851a1d" relativeResultsDirectory="86523274-f6e8-4069-99aa-8c61cc3d79cc">
    </UnitTestResult>
    <UnitTestResult executionId="48489362-e0f9-482a-8cee-1f81fa601f01" testId="3c3ed5b7-5e6a-8138-0b65-4fd13679f387" testName="DefaultNodeTest" computerName="LIL-MONEY-PIT" duration="00:00:00.8605017" startTime="2012-02-21T16:42:30.6238092-05:00" endTime="2012-02-21T16:42:31.4908588-05:00" testType="13cdc9d9-ddb5-4fa4-a97d-d965ccfc6d4b" outcome="Inconclusive" testListId="8c84fa94-04c1-424b-9868-57a2d4851a1d" relativeResultsDirectory="48489362-e0f9-482a-8cee-1f81fa601f01">
      <Output>
        <ErrorInfo>
          <Message>Assert.Inconclusive failed. Verify the correctness of this test method.</Message>
          <StackTrace>   at TestSuite.Framework.NetworkSettingsTest.DefaultNodeTest() in C:\Development Projects\ENN\TestSuite\Framework\NetworkSettingsTest.cs:line 179
</StackTrace>
        </ErrorInfo>
      </Output>
    </UnitTestResult>
    <UnitTestResult executionId="b920b878-4522-495f-8aab-e3edd6211a01" testId="3c9d6005-6c63-77c2-b4e0-1c2eb9238c86" testName="StandLibFactoryConstructorTest" computerName="LIL-MONEY-PIT" duration="00:00:00.8829223" startTime="2012-02-21T16:42:31.5028595-05:00" endTime="2012-02-21T16:42:32.3929104-05:00" testType="13cdc9d9-ddb5-4fa4-a97d-d965ccfc6d4b" outcome="Inconclusive" testListId="8c84fa94-04c1-424b-9868-57a2d4851a1d" relativeResultsDirectory="b920b878-4522-495f-8aab-e3edd6211a01">
      <Output>
        <ErrorInfo>
          <Message>Assert.Inconclusive failed. TODO: Implement code to verify target</Message>
          <StackTrace>   at TestSuite.Framework.StandLibFactoryTest.StandLibFactoryConstructorTest() in C:\Development Projects\ENN\TestSuite\Framework\StandLibFactoryTest.cs:line 89
</StackTrace>
        </ErrorInfo>
      </Output>
    </UnitTestResult>
    <UnitTestResult executionId="2fbbf12c-1fae-4fae-be38-b751042fcec0" testId="41c561ac-f514-03ed-4f2e-66225ee0a9b3" testName="productionTest" computerName="LIL-MONEY-PIT" duration="00:01:53.6164985" startTime="2012-02-21T16:42:32.4049111-05:00" endTime="2012-02-21T16:44:26.0214096-05:00" testType="13cdc9d9-ddb5-4fa4-a97d-d965ccfc6d4b" outcome="Aborted" testListId="8c84fa94-04c1-424b-9868-57a2d4851a1d" relativeResultsDirectory="2fbbf12c-1fae-4fae-be38-b751042fcec0">
    </UnitTestResult>
    <UnitTestResult executionId="bc570307-46f5-43a9-8294-d45bdd6d3a0e" testId="430f1830-9fb9-6f5a-5bbd-8746f440b9db" testName="GetValuesTest" computerName="LIL-MONEY-PIT" testType="13cdc9d9-ddb5-4fa4-a97d-d965ccfc6d4b" outcome="NotExecuted" testListId="8c84fa94-04c1-424b-9868-57a2d4851a1d" relativeResultsDirectory="bc570307-46f5-43a9-8294-d45bdd6d3a0e">
    </UnitTestResult>
    <UnitTestResult executionId="183e8f4f-c372-4c88-ace1-b971b6f3d377" testId="47b48568-fe23-aa9f-4797-84c392c55991" testName="MetaDataTest" computerName="LIL-MONEY-PIT" testType="13cdc9d9-ddb5-4fa4-a97d-d965ccfc6d4b" outcome="NotExecuted" testListId="8c84fa94-04c1-424b-9868-57a2d4851a1d" relativeResultsDirectory="183e8f4f-c372-4c88-ace1-b971b6f3d377">
    </UnitTestResult>
    <UnitTestResult executionId="ee95a433-fa27-4362-a3b2-c5598eaf8615" testId="49de5b48-9eaf-d0db-f8b0-e44b0098530f" testName="SaveTextTest" computerName="LIL-MONEY-PIT" testType="13cdc9d9-ddb5-4fa4-a97d-d965ccfc6d4b" outcome="NotExecuted" testListId="8c84fa94-04c1-424b-9868-57a2d4851a1d" relativeResultsDirectory="ee95a433-fa27-4362-a3b2-c5598eaf8615">
    </UnitTestResult>
    <UnitTestResult executionId="4e4184df-7612-4bb4-b34c-af4e639b9634" testId="4d46c574-4e3e-c892-575b-4964cedc723f" testName="StartNetworkTest" computerName="LIL-MONEY-PIT" testType="13cdc9d9-ddb5-4fa4-a97d-d965ccfc6d4b" outcome="NotExecuted" testListId="8c84fa94-04c1-424b-9868-57a2d4851a1d" relativeResultsDirectory="4e4184df-7612-4bb4-b34c-af4e639b9634">
    </UnitTestResult>
    <UnitTestResult executionId="d28e8c5f-3bd0-4848-bde6-450512fcfbb5" testId="53c97187-29f3-3a29-3a8c-67e2258754c3" testName="ModifiedLogisticTest" computerName="LIL-MONEY-PIT" testType="13cdc9d9-ddb5-4fa4-a97d-d965ccfc6d4b" outcome="NotExecuted" testListId="8c84fa94-04c1-424b-9868-57a2d4851a1d" relativeResultsDirectory="d28e8c5f-3bd0-4848-bde6-450512fcfbb5">
    </UnitTestResult>
    <UnitTestResult executionId="4d7ab40f-a679-4122-9dd8-e0aafc994deb" testId="54ea49d7-872c-276b-d1ac-f03e032aae87" testName="MetaDataTest" computerName="LIL-MONEY-PIT" testType="13cdc9d9-ddb5-4fa4-a97d-d965ccfc6d4b" outcome="NotExecuted" testListId="8c84fa94-04c1-424b-9868-57a2d4851a1d" relativeResultsDirectory="4d7ab40f-a679-4122-9dd8-e0aafc994deb">
    </UnitTestResult>
    <UnitTestResult executionId="395f3ceb-b1c0-4e18-ad0a-41a0246a6036" testId="5577bcbe-3b62-1f0a-eed4-fd75c6d9137e" testName="EqualsTest" computerName="LIL-MONEY-PIT" testType="13cdc9d9-ddb5-4fa4-a97d-d965ccfc6d4b" outcome="NotExecuted" testListId="8c84fa94-04c1-424b-9868-57a2d4851a1d" relativeResultsDirectory="395f3ceb-b1c0-4e18-ad0a-41a0246a6036">
    </UnitTestResult>
    <UnitTestResult executionId="122cdb93-d017-4e83-8c97-68100e026649" testId="56dba6eb-083e-0230-0e94-72afb7f4ca1f" testName="SimpleAlgebraTest" computerName="LIL-MONEY-PIT" testType="13cdc9d9-ddb5-4fa4-a97d-d965ccfc6d4b" outcome="NotExecuted" testListId="8c84fa94-04c1-424b-9868-57a2d4851a1d" relativeResultsDirectory="122cdb93-d017-4e83-8c97-68100e026649">
    </UnitTestResult>
    <UnitTestResult executionId="8e08364d-0902-4153-87f6-1b566bb14a13" testId="573b324d-2394-0284-242e-658089f98732" testName="NetworkSettingsConstructorTest" computerName="LIL-MONEY-PIT" testType="13cdc9d9-ddb5-4fa4-a97d-d965ccfc6d4b" outcome="NotExecuted" testListId="8c84fa94-04c1-424b-9868-57a2d4851a1d" relativeResultsDirectory="8e08364d-0902-4153-87f6-1b566bb14a13">
    </UnitTestResult>
    <UnitTestResult executionId="3f72d534-a6bb-4edb-9b88-bc567b5725b6" testId="583e1b08-512f-1567-2515-8af7db8880c1" testName="TrainNetworkTest" computerName="LIL-MONEY-PIT" testType="13cdc9d9-ddb5-4fa4-a97d-d965ccfc6d4b" outcome="NotExecuted" testListId="8c84fa94-04c1-424b-9868-57a2d4851a1d" relativeResultsDirectory="3f72d534-a6bb-4edb-9b88-bc567b5725b6">
    </UnitTestResult>
    <UnitTestResult executionId="7ac5a0ec-9716-415c-921c-2da072e3e06c" testId="604a034f-362e-5faa-f734-caee2f5177cf" testName="EqualsTest" computerName="LIL-MONEY-PIT" testType="13cdc9d9-ddb5-4fa4-a97d-d965ccfc6d4b" outcome="NotExecuted" testListId="8c84fa94-04c1-424b-9868-57a2d4851a1d" relativeResultsDirectory="7ac5a0ec-9716-415c-921c-2da072e3e06c">
    </UnitTestResult>
    <UnitTestResult executionId="0c6a075b-d061-47fd-9494-a8ede7239896" testId="680a45b5-4f49-a5c2-34cb-d26f2ad2185b" testName="SetSettingsTest" computerName="LIL-MONEY-PIT" testType="13cdc9d9-ddb5-4fa4-a97d-d965ccfc6d4b" outcome="NotExecuted" testListId="8c84fa94-04c1-424b-9868-57a2d4851a1d" relativeResultsDirectory="0c6a075b-d061-47fd-9494-a8ede7239896">
    </UnitTestResult>
    <UnitTestResult executionId="1401c979-a94d-4394-90a0-fc5c54af30dd" testId="6a52bd04-93c0-3f97-3dd3-da1b2d4c5d7d" testName="EqualsTest" computerName="LIL-MONEY-PIT" testType="13cdc9d9-ddb5-4fa4-a97d-d965ccfc6d4b" outcome="NotExecuted" testListId="8c84fa94-04c1-424b-9868-57a2d4851a1d" relativeResultsDirectory="1401c979-a94d-4394-90a0-fc5c54af30dd">
    </UnitTestResult>
    <UnitTestResult executionId="28bf48da-02c4-4b39-aade-74ab9a7bb7d8" testId="6c48ec72-9487-035f-80b3-d8b19112a2d9" testName="PostProcessorTest" computerName="LIL-MONEY-PIT" testType="13cdc9d9-ddb5-4fa4-a97d-d965ccfc6d4b" outcome="NotExecuted" testListId="8c84fa94-04c1-424b-9868-57a2d4851a1d" relativeResultsDirectory="28bf48da-02c4-4b39-aade-74ab9a7bb7d8">
    </UnitTestResult>
    <UnitTestResult executionId="3f07749c-a28e-48cf-b579-0ba7488eee4b" testId="6d9bec79-b5da-bc4a-5a65-b5aeaeb99bc5" testName="HyperbolicTangentTest" computerName="LIL-MONEY-PIT" testType="13cdc9d9-ddb5-4fa4-a97d-d965ccfc6d4b" outcome="NotExecuted" testListId="8c84fa94-04c1-424b-9868-57a2d4851a1d" relativeResultsDirectory="3f07749c-a28e-48cf-b579-0ba7488eee4b">
    </UnitTestResult>
    <UnitTestResult executionId="ada1a75c-d2f1-41d4-9ee9-096023de10c4" testId="75f6c7d5-9e5a-8f55-82e3-7c8fe7e13944" testName="WeightsTest" computerName="LIL-MONEY-PIT" testType="13cdc9d9-ddb5-4fa4-a97d-d965ccfc6d4b" outcome="NotExecuted" testListId="8c84fa94-04c1-424b-9868-57a2d4851a1d" relativeResultsDirectory="ada1a75c-d2f1-41d4-9ee9-096023de10c4">
    </UnitTestResult>
    <UnitTestResult executionId="45392441-db4a-463a-ba72-2140517572a8" testId="7d8ab741-01d2-0d2d-1e29-c0fcb83101fd" testName="LoadTextTest" computerName="LIL-MONEY-PIT" testType="13cdc9d9-ddb5-4fa4-a97d-d965ccfc6d4b" outcome="NotExecuted" testListId="8c84fa94-04c1-424b-9868-57a2d4851a1d" relativeResultsDirectory="45392441-db4a-463a-ba72-2140517572a8">
    </UnitTestResult>
    <UnitTestResult executionId="45744a24-fd77-4e1f-ac18-bdd370b4f198" testId="7ddb6d66-d4cc-b85e-ceb4-dacdc7709908" testName="GetValueTest" computerName="LIL-MONEY-PIT" testType="13cdc9d9-ddb5-4fa4-a97d-d965ccfc6d4b" outcome="NotExecuted" testListId="8c84fa94-04c1-424b-9868-57a2d4851a1d" relativeResultsDirectory="45744a24-fd77-4e1f-ac18-bdd370b4f198">
    </UnitTestResult>
    <UnitTestResult executionId="50170f91-fa7c-4769-b2ce-dc80e6c678b7" testId="814adc11-a284-0739-1c15-5af3c44473d8" testName="CombinationFunctionsConstructorTest" computerName="LIL-MONEY-PIT" testType="13cdc9d9-ddb5-4fa4-a97d-d965ccfc6d4b" outcome="NotExecuted" testListId="8c84fa94-04c1-424b-9868-57a2d4851a1d" relativeResultsDirectory="50170f91-fa7c-4769-b2ce-dc80e6c678b7">
    </UnitTestResult>
    <UnitTestResult executionId="0de7ec10-3e39-498a-880b-3f5fa4ffe591" testId="855130ce-84bf-1161-1eee-aae8000252b2" testName="GetValueTest" computerName="LIL-MONEY-PIT" testType="13cdc9d9-ddb5-4fa4-a97d-d965ccfc6d4b" outcome="NotExecuted" testListId="8c84fa94-04c1-424b-9868-57a2d4851a1d" relativeResultsDirectory="0de7ec10-3e39-498a-880b-3f5fa4ffe591">
    </UnitTestResult>
    <UnitTestResult executionId="86c48c7b-d522-48b6-9e18-ffd070852208" testId="86183e70-5869-ac26-e602-fe6fdc8564f6" testName="CreateUserObjectTest" computerName="LIL-MONEY-PIT" testType="13cdc9d9-ddb5-4fa4-a97d-d965ccfc6d4b" outcome="NotExecuted" testListId="8c84fa94-04c1-424b-9868-57a2d4851a1d" relativeResultsDirectory="86c48c7b-d522-48b6-9e18-ffd070852208">
    </UnitTestResult>
    <UnitTestResult executionId="ad794049-f111-4cf9-9db9-a4f2a9e2e572" testId="895e1ad2-9637-1929-bdca-2e13d6ecdf33" testName="LoadText" computerName="LIL-MONEY-PIT" testType="13cdc9d9-ddb5-4fa4-a97d-d965ccfc6d4b" outcome="NotExecuted" testListId="8c84fa94-04c1-424b-9868-57a2d4851a1d" relativeResultsDirectory="ad794049-f111-4cf9-9db9-a4f2a9e2e572">
    </UnitTestResult>
    <UnitTestResult executionId="829ff9d7-9e03-4ee5-a788-6d2df7040d91" testId="8c397046-78ee-c33d-3e4c-44a5719d553d" testName="TrainingAccuracyTest" computerName="LIL-MONEY-PIT" testType="13cdc9d9-ddb5-4fa4-a97d-d965ccfc6d4b" outcome="NotExecuted" testListId="8c84fa94-04c1-424b-9868-57a2d4851a1d" relativeResultsDirectory="829ff9d7-9e03-4ee5-a788-6d2df7040d91">
    </UnitTestResult>
    <UnitTestResult executionId="586cf74b-84e2-41e7-ab09-e95236c9b775" testId="8de660a6-a5b4-4a08-e168-84d6a8847c2d" testName="EqualsTest" computerName="LIL-MONEY-PIT" testType="13cdc9d9-ddb5-4fa4-a97d-d965ccfc6d4b" outcome="NotExecuted" testListId="8c84fa94-04c1-424b-9868-57a2d4851a1d" relativeResultsDirectory="586cf74b-84e2-41e7-ab09-e95236c9b775">
    </UnitTestResult>
    <UnitTestResult executionId="117b872c-932d-4364-8caf-2632cf93afaa" testId="8fa4a54a-bae6-94d8-d573-1647c12d4824" testName="ModeTest" computerName="LIL-MONEY-PIT" testType="13cdc9d9-ddb5-4fa4-a97d-d965ccfc6d4b" outcome="NotExecuted" testListId="8c84fa94-04c1-424b-9868-57a2d4851a1d" relativeResultsDirectory="117b872c-932d-4364-8caf-2632cf93afaa">
    </UnitTestResult>
    <UnitTestResult executionId="f21a6a73-a8f4-4fae-b1e2-5a72446fdd92" testId="90d4d793-c175-7e4f-a953-2c15482e9127" testName="NetworkTopologyConstructorTest" computerName="LIL-MONEY-PIT" testType="13cdc9d9-ddb5-4fa4-a97d-d965ccfc6d4b" outcome="NotExecuted" testListId="8c84fa94-04c1-424b-9868-57a2d4851a1d" relativeResultsDirectory="f21a6a73-a8f4-4fae-b1e2-5a72446fdd92">
    </UnitTestResult>
    <UnitTestResult executionId="a4629318-e4e5-4b3f-ab2c-ea4bbcbc66a2" testId="919fcb5c-9129-e4af-6da8-58234650b9d0" testName="GetValuesTest" computerName="LIL-MONEY-PIT" testType="13cdc9d9-ddb5-4fa4-a97d-d965ccfc6d4b" outcome="NotExecuted" testListId="8c84fa94-04c1-424b-9868-57a2d4851a1d" relativeResultsDirectory="a4629318-e4e5-4b3f-ab2c-ea4bbcbc66a2">
    </UnitTestResult>
    <UnitTestResult executionId="e63e532b-b769-4d93-935b-264aa4d0cdb1" testId="99f0b5b4-0a2a-3205-9152-e1a3e644b886" testName="OutputLayerTest" computerName="LIL-MONEY-PIT" testType="13cdc9d9-ddb5-4fa4-a97d-d965ccfc6d4b" outcome="NotExecuted" testListId="8c84fa94-04c1-424b-9868-57a2d4851a1d" relativeResultsDirectory="e63e532b-b769-4d93-935b-264aa4d0cdb1">
    </UnitTestResult>
    <UnitTestResult executionId="fee3cec7-cf04-4188-98de-a94e1c875f1a" testId="a1ceb0d7-e762-54e4-c7d1-02628c8188ab" testName="NetworkTypeTest" computerName="LIL-MONEY-PIT" testType="13cdc9d9-ddb5-4fa4-a97d-d965ccfc6d4b" outcome="NotExecuted" testListId="8c84fa94-04c1-424b-9868-57a2d4851a1d" relativeResultsDirectory="fee3cec7-cf04-4188-98de-a94e1c875f1a">
    </UnitTestResult>
    <UnitTestResult executionId="01ea7581-2c25-4807-a2f0-8c51f0ace202" testId="a8823d1a-dea7-22d8-3b80-cec046111d72" testName="DefaultOutputLayerTest" computerName="LIL-MONEY-PIT" testType="13cdc9d9-ddb5-4fa4-a97d-d965ccfc6d4b" outcome="NotExecuted" testListId="8c84fa94-04c1-424b-9868-57a2d4851a1d" relativeResultsDirectory="01ea7581-2c25-4807-a2f0-8c51f0ace202">
    </UnitTestResult>
    <UnitTestResult executionId="eb49099d-4d91-4ecc-8555-946fa5ecbcbf" testId="aff7f15c-9745-8d57-d62e-e6de87a6f68c" testName="InputLayerTest" computerName="LIL-MONEY-PIT" testType="13cdc9d9-ddb5-4fa4-a97d-d965ccfc6d4b" outcome="NotExecuted" testListId="8c84fa94-04c1-424b-9868-57a2d4851a1d" relativeResultsDirectory="eb49099d-4d91-4ecc-8555-946fa5ecbcbf">
    </UnitTestResult>
    <UnitTestResult executionId="98a95024-fbcf-4b65-b3d7-6fd8cdfaa488" testId="b4ff2759-93e7-a8a5-d6b3-d10da4893f5a" testName="DefaultFactoryTest" computerName="LIL-MONEY-PIT" testType="13cdc9d9-ddb5-4fa4-a97d-d965ccfc6d4b" outcome="NotExecuted" testListId="8c84fa94-04c1-424b-9868-57a2d4851a1d" relativeResultsDirectory="98a95024-fbcf-4b65-b3d7-6fd8cdfaa488">
    </UnitTestResult>
    <UnitTestResult executionId="eb84a043-b1a7-4971-97c6-428f181eaadd" testId="b5ae595f-7dca-73d7-1bda-f09e7ea52bd4" testName="ThreadedHiddenLayerConstructorTest" computerName="LIL-MONEY-PIT" testType="13cdc9d9-ddb5-4fa4-a97d-d965ccfc6d4b" outcome="NotExecuted" testListId="8c84fa94-04c1-424b-9868-57a2d4851a1d" relativeResultsDirectory="eb84a043-b1a7-4971-97c6-428f181eaadd">
    </UnitTestResult>
    <UnitTestResult executionId="6336beae-742f-48a3-be31-15570820efe2" testId="b5af2dd1-ef3f-eec7-b120-54c52453cde4" testName="EqualsTest" computerName="LIL-MONEY-PIT" testType="13cdc9d9-ddb5-4fa4-a97d-d965ccfc6d4b" outcome="NotExecuted" testListId="8c84fa94-04c1-424b-9868-57a2d4851a1d" relativeResultsDirectory="6336beae-742f-48a3-be31-15570820efe2">
    </UnitTestResult>
    <UnitTestResult executionId="3c59e88b-21e7-481b-8787-984361313d0b" testId="b5e3a755-a2ab-152d-aa80-c4911fd65e0b" testName="OtherTest" computerName="LIL-MONEY-PIT" testType="13cdc9d9-ddb5-4fa4-a97d-d965ccfc6d4b" outcome="NotExecuted" testListId="8c84fa94-04c1-424b-9868-57a2d4851a1d" relativeResultsDirectory="3c59e88b-21e7-481b-8787-984361313d0b">
    </UnitTestResult>
    <UnitTestResult executionId="cfa07695-737a-4e05-87b7-f8faa427a5a7" testId="b6e27dc1-3f73-d482-30bb-5034e06d0f49" testName="ComputeDecisionTest" computerName="LIL-MONEY-PIT" testType="13cdc9d9-ddb5-4fa4-a97d-d965ccfc6d4b" outcome="NotExecuted" testListId="8c84fa94-04c1-424b-9868-57a2d4851a1d" relativeResultsDirectory="cfa07695-737a-4e05-87b7-f8faa427a5a7">
    </UnitTestResult>
    <UnitTestResult executionId="fc1ceb14-8600-4ddc-ac85-05ed7c48eecd" testId="b956f179-a280-645c-1bae-ce922e14d496" testName="SaveLoadBinary" computerName="LIL-MONEY-PIT" testType="13cdc9d9-ddb5-4fa4-a97d-d965ccfc6d4b" outcome="NotExecuted" testListId="8c84fa94-04c1-424b-9868-57a2d4851a1d" relativeResultsDirectory="fc1ceb14-8600-4ddc-ac85-05ed7c48eecd">
    </UnitTestResult>
    <UnitTestResult executionId="95513d9f-3bec-4446-b7b1-b20d24bae753" testId="ba1cb5ab-f487-d922-92d1-b5c0b8d6512f" testName="HiddenLayersTest" computerName="LIL-MONEY-PIT" testType="13cdc9d9-ddb5-4fa4-a97d-d965ccfc6d4b" outcome="NotExecuted" testListId="8c84fa94-04c1-424b-9868-57a2d4851a1d" relativeResultsDirectory="95513d9f-3bec-4446-b7b1-b20d24bae753">
    </UnitTestResult>
    <UnitTestResult executionId="bebabd12-3fa1-4ff7-b832-a9702ea28aa5" testId="bd6134f3-8c29-55c3-d0c7-c2fb216d01d4" testName="HillClimbAlgoConstructorTest" computerName="LIL-MONEY-PIT" testType="13cdc9d9-ddb5-4fa4-a97d-d965ccfc6d4b" outcome="NotExecuted" testListId="8c84fa94-04c1-424b-9868-57a2d4851a1d" relativeResultsDirectory="bebabd12-3fa1-4ff7-b832-a9702ea28aa5">
    </UnitTestResult>
    <UnitTestResult executionId="12bd0529-f7a0-4377-b4d1-dbaf5f38c390" testId="c598b3e8-9ef4-dda5-2cbb-7eb6dc003da3" testName="TrainingIterationsTest" computerName="LIL-MONEY-PIT" testType="13cdc9d9-ddb5-4fa4-a97d-d965ccfc6d4b" outcome="NotExecuted" testListId="8c84fa94-04c1-424b-9868-57a2d4851a1d" relativeResultsDirectory="12bd0529-f7a0-4377-b4d1-dbaf5f38c390">
    </UnitTestResult>
    <UnitTestResult executionId="869ff182-5b7e-4199-af50-c5249de9de29" testId="ca9b7ca8-ec0a-3d74-80eb-bb3fce3380f1" testName="LogisticTest" computerName="LIL-MONEY-PIT" testType="13cdc9d9-ddb5-4fa4-a97d-d965ccfc6d4b" outcome="NotExecuted" testListId="8c84fa94-04c1-424b-9868-57a2d4851a1d" relativeResultsDirectory="869ff182-5b7e-4199-af50-c5249de9de29">
    </UnitTestResult>
    <UnitTestResult executionId="21a4fd02-427d-4457-8d52-cc53e6810a51" testId="cf73ff44-a6c5-1e64-628c-f9b7f15247dd" testName="NeuralNetworkConstructorTest" computerName="LIL-MONEY-PIT" testType="13cdc9d9-ddb5-4fa4-a97d-d965ccfc6d4b" outcome="NotExecuted" testListId="8c84fa94-04c1-424b-9868-57a2d4851a1d" relativeResultsDirectory="21a4fd02-427d-4457-8d52-cc53e6810a51">
    </UnitTestResult>
    <UnitTestResult executionId="c6135dd5-2925-4c81-b99e-7c7e7ac99956" testId="d1aa1e04-5762-55e7-0a3f-f25ed3746b8e" testName="GeneralizedLogisticTest" computerName="LIL-MONEY-PIT" testType="13cdc9d9-ddb5-4fa4-a97d-d965ccfc6d4b" outcome="NotExecuted" testListId="8c84fa94-04c1-424b-9868-57a2d4851a1d" relativeResultsDirectory="c6135dd5-2925-4c81-b99e-7c7e7ac99956">
    </UnitTestResult>
    <UnitTestResult executionId="dcb9a9fc-f9f7-4867-b4ea-87750e7b3a13" testId="d60f0c70-680a-f2a7-be96-723443b7d4dc" testName="TrainNetworkTest" computerName="LIL-MONEY-PIT" testType="13cdc9d9-ddb5-4fa4-a97d-d965ccfc6d4b" outcome="NotExecuted" testListId="8c84fa94-04c1-424b-9868-57a2d4851a1d" relativeResultsDirectory="dcb9a9fc-f9f7-4867-b4ea-87750e7b3a13">
    </UnitTestResult>
    <UnitTestResult executionId="474a0c23-1951-46a3-9904-208bfd598711" testId="d7de268d-ad00-3d1a-9ef6-c7d7c6d2c881" testName="sumationTest" computerName="LIL-MONEY-PIT" testType="13cdc9d9-ddb5-4fa4-a97d-d965ccfc6d4b" outcome="NotExecuted" testListId="8c84fa94-04c1-424b-9868-57a2d4851a1d" relativeResultsDirectory="474a0c23-1951-46a3-9904-208bfd598711">
    </UnitTestResult>
    <UnitTestResult executionId="9cb97cb8-ca51-4174-9ae3-b406a09aa00e" testId="dc7516d4-ea11-52ea-592a-675e802b27f3" testName="SaveText" computerName="LIL-MONEY-PIT" testType="13cdc9d9-ddb5-4fa4-a97d-d965ccfc6d4b" outcome="NotExecuted" testListId="8c84fa94-04c1-424b-9868-57a2d4851a1d" relativeResultsDirectory="9cb97cb8-ca51-4174-9ae3-b406a09aa00e">
    </UnitTestResult>
    <UnitTestResult executionId="9768e952-64fd-4d52-b333-645560791c6a" testId="e000e601-a400-b77b-7cbe-e16a1fb8bf43" testName="ToStringTest" computerName="LIL-MONEY-PIT" testType="13cdc9d9-ddb5-4fa4-a97d-d965ccfc6d4b" outcome="NotExecuted" testListId="8c84fa94-04c1-424b-9868-57a2d4851a1d" relativeResultsDirectory="9768e952-64fd-4d52-b333-645560791c6a">
    </UnitTestResult>
    <UnitTestResult executionId="919080a0-9632-4842-a786-501d3ef857ad" testId="e28af217-9e05-374a-b589-3e0e31013f06" testName="ParseListTest" computerName="LIL-MONEY-PIT" testType="13cdc9d9-ddb5-4fa4-a97d-d965ccfc6d4b" outcome="NotExecuted" testListId="8c84fa94-04c1-424b-9868-57a2d4851a1d" relativeResultsDirectory="919080a0-9632-4842-a786-501d3ef857ad">
    </UnitTestResult>
    <UnitTestResult executionId="cbf6aa8c-da47-42e6-857b-4cace80138bf" testId="ea95e44c-ad70-2fd7-0521-02dea5e03db6" testName="ToStringTest" computerName="LIL-MONEY-PIT" testType="13cdc9d9-ddb5-4fa4-a97d-d965ccfc6d4b" outcome="NotExecuted" testListId="8c84fa94-04c1-424b-9868-57a2d4851a1d" relativeResultsDirectory="cbf6aa8c-da47-42e6-857b-4cace80138bf">
    </UnitTestResult>
    <UnitTestResult executionId="4ef8798d-16f2-4a57-9588-0dcbfe7b84ff" testId="ed6cbf7c-1892-3c38-82a7-ffa09ec69e5a" testName="GetValueTest" computerName="LIL-MONEY-PIT" testType="13cdc9d9-ddb5-4fa4-a97d-d965ccfc6d4b" outcome="NotExecuted" testListId="8c84fa94-04c1-424b-9868-57a2d4851a1d" relativeResultsDirectory="4ef8798d-16f2-4a57-9588-0dcbfe7b84ff">
    </UnitTestResult>
    <UnitTestResult executionId="2db138ba-f202-4fbb-a869-a6ceb5b8eb42" testId="f053d416-9380-8069-ef40-6a7789ba8040" testName="GetValuesTest" computerName="LIL-MONEY-PIT" testType="13cdc9d9-ddb5-4fa4-a97d-d965ccfc6d4b" outcome="NotExecuted" testListId="8c84fa94-04c1-424b-9868-57a2d4851a1d" relativeResultsDirectory="2db138ba-f202-4fbb-a869-a6ceb5b8eb42">
    </UnitTestResult>
    <UnitTestResult executionId="058bc206-b1a8-4c81-b38a-2c5fe399de66" testId="f1ce82b4-23b4-e9e2-a855-4dfbf8340573" testName="TrainingPreProcessorTest" computerName="LIL-MONEY-PIT" testType="13cdc9d9-ddb5-4fa4-a97d-d965ccfc6d4b" outcome="NotExecuted" testListId="8c84fa94-04c1-424b-9868-57a2d4851a1d" relativeResultsDirectory="058bc206-b1a8-4c81-b38a-2c5fe399de66">
    </UnitTestResult>
    <UnitTestResult executionId="5622bb17-6b01-416d-a921-5cf53916c7bd" testId="f8957ebd-9c0b-9da1-0906-83765d4b5fea" testName="MetaDataTest" computerName="LIL-MONEY-PIT" testType="13cdc9d9-ddb5-4fa4-a97d-d965ccfc6d4b" outcome="NotExecuted" testListId="8c84fa94-04c1-424b-9868-57a2d4851a1d" relativeResultsDirectory="5622bb17-6b01-416d-a921-5cf53916c7bd">
    </UnitTestResult>
  </Results>
</TestRun>